com\eu\habbo\database\integrity\DatabaseIntegrityAuditorIT.class
com\eu\habbo\habbohotel\catalog\CatalogPurchaseAtomicityContractTest.class
com\eu\habbo\habbohotel\GameEnvironmentDisposalTest.class
com\eu\habbo\core\ConfigurationSaveOwnershipTest.class
com\eu\habbo\habbohotel\catalog\marketplace\MarketPlaceOfferContractTest.class
com\eu\habbo\database\compat\LegacyPermissionsSqlTranslatorTest$FakeContext.class
com\eu\habbo\EmulatorConsoleEofTest.class
com\eu\habbo\habbohotel\catalog\CatalogLimitedConfigurationTest.class
com\eu\habbo\database\backup\DatabaseBackupRequestTest.class
com\eu\habbo\habbohotel\catalog\CatalogPurchaseMathTest.class
com\eu\habbo\RuntimeLifecycleTest.class
com\eu\habbo\habbohotel\catalog\CatalogPageOrderingTest$TestPage.class
com\eu\habbo\database\migration\CatalogMigrationImmutabilityContractTest.class
com\eu\habbo\database\migration\MigrationOptionsTest.class
com\eu\habbo\database\observability\SlowQuerySqlTest.class
com\eu\habbo\database\integrity\IntegrityContractLoaderTest.class
com\eu\habbo\ReleasePipelineContractTest.class
com\eu\habbo\database\integrity\DatabaseIntegrityAuditLogFormatTest.class
com\eu\habbo\build\MavenBuildEnvironmentContractTest.class
com\eu\habbo\habbohotel\HotelServiceRegistryTest.class
com\eu\habbo\habbohotel\catalog\CatalogManagerAtomicReloadTest$1.class
com\eu\habbo\database\indexing\DatabaseIndexAuditorTest$IndexJdbc.class
com\eu\habbo\database\HotQueryProjectionIT.class
com\eu\habbo\habbohotel\catalog\CatalogSpecialAssetTransactionContractTest.class
com\eu\habbo\architecture\WiredModernizationQualityGateTest$Source.class
com\eu\habbo\database\indexing\DatabaseIndexMigrationExecutionContractTest.class
com\eu\habbo\habbohotel\catalog\versioning\CatalogChangeFieldDiffTest.class
com\eu\habbo\database\backup\MariaDbMigrationBackupTest$FakeProcess.class
com\eu\habbo\database\indexing\IndexContractLoaderTest.class
com\eu\habbo\database\integrity\DatabaseIntegrityAuditorIT$DatabaseFixture.class
com\eu\habbo\habbohotel\catalog\versioning\CatalogLiveChangeSetServiceTest.class
com\eu\habbo\database\PersistenceExecutorTest.class
com\eu\habbo\habbohotel\catalog\CatalogCustomPrefixLayoutRemovalTest.class
com\eu\habbo\PolarisRuntimeTest.class
com\eu\habbo\habbohotel\catalog\marketplace\MarketPlaceListingPriceContractTest.class
com\eu\habbo\PolarisRuntimeTest$LegacyService.class
com\eu\habbo\PolarisBootstrapRuntimeThreadsTest.class
com\eu\habbo\core\CommandDescriptionTextsContractTest.class
com\eu\habbo\database\HotQueryProjectionCoverageTest.class
com\eu\habbo\database\indexing\DatabaseIndexAuditorTest$IndexDefinition.class
com\eu\habbo\database\observability\SlowQueryLoggingConfigurationTest.class
com\eu\habbo\WiredCompatibilityDiagnosticsTest.class
com\eu\habbo\database\migration\MigrationRunnerConfigurationTest.class
com\eu\habbo\EmulatorRuntimeFacadeCompatibilityTest.class
com\eu\habbo\database\MessengerHistorySchemaContractTest.class
com\eu\habbo\EmulatorStartupConsoleTest.class
com\eu\habbo\database\integrity\IntegrityAuditPolicyTest.class
com\eu\habbo\LifecycleFieldVisibilityCompatibilityTest.class
com\eu\habbo\database\indexing\DatabaseIndexMigrationIT.class
com\eu\habbo\habbohotel\catalog\versioning\CatalogDocumentTestSupport.class
com\eu\habbo\EmulatorLifecycleCompatibilityTest.class
com\eu\habbo\database\backup\MariaDbMigrationBackupTest.class
com\eu\habbo\core\OperationalProfileTest.class
com\eu\habbo\database\DatabasePoolSizingTest.class
com\eu\habbo\database\migration\SoundboardRuntimeSchemaContractTest.class
com\eu\habbo\habbohotel\catalog\VoucherClaimContractTest.class
com\eu\habbo\database\integrity\IntegrityAuditOptionsTest.class
com\eu\habbo\database\compat\LegacyPermissionsSqlTranslatorTest.class
com\eu\habbo\build\QualityRatchetContractTest.class
com\eu\habbo\database\migration\RuntimeSchemaContractGenerator.class
com\eu\habbo\habbohotel\catalog\CatalogValueValidatorTest.class
com\eu\habbo\habbohotel\catalog\versioning\CatalogLiveMutationServiceTest.class
com\eu\habbo\PolarisRuntimeTest$RuntimeService.class
com\eu\habbo\database\PersistenceExecutorTest$FailingPersistenceTask.class
com\eu\habbo\SmokeTest.class
com\eu\habbo\habbohotel\catalog\CatalogAssetTransactionContractTest.class
com\eu\habbo\database\integrity\IntegritySqlTest.class
com\eu\habbo\ExampleConfigurationTest.class
com\eu\habbo\AsyncLogbackConfigurationTest.class
com\eu\habbo\core\ConfigurationManagerBooleanDefaultsTest.class
com\eu\habbo\habbohotel\catalog\CatalogPublicCacheCompatibilityTest.class
com\eu\habbo\habbohotel\catalog\marketplace\AtomicMarketPlacePurchaseContractTest.class
com\eu\habbo\database\ImmutableEconomyLedgerSchemaTest.class
com\eu\habbo\habbohotel\GameEnvironmentFacadeCompatibilityTest.class
com\eu\habbo\habbohotel\bots\VisitorBotDateFormattingTest.class
com\eu\habbo\build\RepositoryHygieneContractTest.class
com\eu\habbo\build\MockitoJavaCompatibilityTest.class
com\eu\habbo\EmulatorTimeCompatibilityTest.class
com\eu\habbo\habbohotel\achievements\AchievementManagerTest.class
com\eu\habbo\core\CommandTextLookupContractTest.class
com\eu\habbo\database\indexing\IndexMigrationContractTest.class
com\eu\habbo\database\TestDatabase.class
com\eu\habbo\database\compat\MariaDbSqlCompatibilityAuditTest.class
com\eu\habbo\habbohotel\catalog\marketplace\MarketPlaceCreditClaimContractTest.class
com\eu\habbo\core\SchedulerObservabilityTest.class
com\eu\habbo\database\backup\MariaDbMigrationBackupIntegrationTest.class
com\eu\habbo\habbohotel\catalog\CatalogPageOrderingTest.class
com\eu\habbo\database\migration\MigrationRunnerIT.class
com\eu\habbo\architecture\FrozenArchitectureBaselineTest$Snapshot.class
com\eu\habbo\habbohotel\catalog\AtomicCatalogPurchaseContractTest.class
com\eu\habbo\database\observability\SlowQueryMonitorTest.class
com\eu\habbo\database\indexing\DatabaseIndexAuditorTest.class
com\eu\habbo\habbohotel\bots\BotPickupOwnershipContractTest.class
com\eu\habbo\database\compat\LegacyTableRenameTranslatorTest.class
com\eu\habbo\CiReliabilityContractTest.class
com\eu\habbo\database\compat\LegacyTableRenameTranslatorTest$1.class
com\eu\habbo\database\migration\MigrationRunnerIT$1.class
com\eu\habbo\database\PersistenceTaskRoutingContractTest.class
com\eu\habbo\habbohotel\catalog\CatalogManagerAtomicReloadTest.class
com\eu\habbo\habbohotel\catalog\CatalogPageAccessPolicyContractTest.class
com\eu\habbo\architecture\WiredModernizationQualityGateTest.class
com\eu\habbo\ShutdownPhaseControllerTest.class
com\eu\habbo\build\CoverageRatchetContractTest.class
com\eu\habbo\database\migration\CatalogSoundOfferReferencesMigrationContractTest.class
com\eu\habbo\core\config\ConfigRegistryTest.class
com\eu\habbo\database\migration\CatalogManagerSchemaConsolidationMigrationContractTest.class
com\eu\habbo\Java25BuildContractTest.class
com\eu\habbo\database\factories\UserFactory$Spec.class
com\eu\habbo\ConsoleLogbackLayoutTest.class
com\eu\habbo\database\PersistenceOperationMonitorTest.class
com\eu\habbo\database\factories\UserFactory.class
com\eu\habbo\architecture\FrozenArchitectureBaselineTest.class
com\eu\habbo\habbohotel\catalog\CatalogPageLayoutsSchemaTest.class
com\eu\habbo\EmulatorStartupConfigDefaultsTest.class
com\eu\habbo\StartupPhasesTest.class
