C:\Users\xAstroBoy\Desktop\Custom Habbo Retro\Polaris-Emulator\Emulator\src\test\java\com\eu\habbo\architecture\FrozenArchitectureBaselineTest.java
C:\Users\xAstroBoy\Desktop\Custom Habbo Retro\Polaris-Emulator\Emulator\src\test\java\com\eu\habbo\architecture\WiredHandlerAuthorizationTest.java
C:\Users\xAstroBoy\Desktop\Custom Habbo Retro\Polaris-Emulator\Emulator\src\test\java\com\eu\habbo\architecture\WiredModernizationQualityGateTest.java
C:\Users\xAstroBoy\Desktop\Custom Habbo Retro\Polaris-Emulator\Emulator\src\test\java\com\eu\habbo\AsyncLogbackConfigurationTest.java
C:\Users\xAstroBoy\Desktop\Custom Habbo Retro\Polaris-Emulator\Emulator\src\test\java\com\eu\habbo\build\CoverageRatchetContractTest.java
C:\Users\xAstroBoy\Desktop\Custom Habbo Retro\Polaris-Emulator\Emulator\src\test\java\com\eu\habbo\build\MavenBuildEnvironmentContractTest.java
C:\Users\xAstroBoy\Desktop\Custom Habbo Retro\Polaris-Emulator\Emulator\src\test\java\com\eu\habbo\build\MockitoJavaCompatibilityTest.java
C:\Users\xAstroBoy\Desktop\Custom Habbo Retro\Polaris-Emulator\Emulator\src\test\java\com\eu\habbo\build\QualityRatchetContractTest.java
C:\Users\xAstroBoy\Desktop\Custom Habbo Retro\Polaris-Emulator\Emulator\src\test\java\com\eu\habbo\build\RepositoryHygieneContractTest.java
C:\Users\xAstroBoy\Desktop\Custom Habbo Retro\Polaris-Emulator\Emulator\src\test\java\com\eu\habbo\CiReliabilityContractTest.java
C:\Users\xAstroBoy\Desktop\Custom Habbo Retro\Polaris-Emulator\Emulator\src\test\java\com\eu\habbo\ConsoleLogbackLayoutTest.java
C:\Users\xAstroBoy\Desktop\Custom Habbo Retro\Polaris-Emulator\Emulator\src\test\java\com\eu\habbo\core\CommandDescriptionTextsContractTest.java
C:\Users\xAstroBoy\Desktop\Custom Habbo Retro\Polaris-Emulator\Emulator\src\test\java\com\eu\habbo\core\CommandTextLookupContractTest.java
C:\Users\xAstroBoy\Desktop\Custom Habbo Retro\Polaris-Emulator\Emulator\src\test\java\com\eu\habbo\core\config\ConfigRegistryTest.java
C:\Users\xAstroBoy\Desktop\Custom Habbo Retro\Polaris-Emulator\Emulator\src\test\java\com\eu\habbo\core\ConfigurationManagerBooleanDefaultsTest.java
C:\Users\xAstroBoy\Desktop\Custom Habbo Retro\Polaris-Emulator\Emulator\src\test\java\com\eu\habbo\core\ConfigurationSaveOwnershipTest.java
C:\Users\xAstroBoy\Desktop\Custom Habbo Retro\Polaris-Emulator\Emulator\src\test\java\com\eu\habbo\core\OperationalProfileTest.java
C:\Users\xAstroBoy\Desktop\Custom Habbo Retro\Polaris-Emulator\Emulator\src\test\java\com\eu\habbo\core\SchedulerObservabilityTest.java
C:\Users\xAstroBoy\Desktop\Custom Habbo Retro\Polaris-Emulator\Emulator\src\test\java\com\eu\habbo\database\backup\DatabaseBackupRequestTest.java
C:\Users\xAstroBoy\Desktop\Custom Habbo Retro\Polaris-Emulator\Emulator\src\test\java\com\eu\habbo\database\backup\MariaDbMigrationBackupIntegrationTest.java
C:\Users\xAstroBoy\Desktop\Custom Habbo Retro\Polaris-Emulator\Emulator\src\test\java\com\eu\habbo\database\backup\MariaDbMigrationBackupTest.java
C:\Users\xAstroBoy\Desktop\Custom Habbo Retro\Polaris-Emulator\Emulator\src\test\java\com\eu\habbo\database\compat\LegacyPermissionsSqlTranslatorTest.java
C:\Users\xAstroBoy\Desktop\Custom Habbo Retro\Polaris-Emulator\Emulator\src\test\java\com\eu\habbo\database\compat\LegacyTableRenameTranslatorTest.java
C:\Users\xAstroBoy\Desktop\Custom Habbo Retro\Polaris-Emulator\Emulator\src\test\java\com\eu\habbo\database\compat\MariaDbSqlCompatibilityAuditTest.java
C:\Users\xAstroBoy\Desktop\Custom Habbo Retro\Polaris-Emulator\Emulator\src\test\java\com\eu\habbo\database\DatabasePoolSizingTest.java
C:\Users\xAstroBoy\Desktop\Custom Habbo Retro\Polaris-Emulator\Emulator\src\test\java\com\eu\habbo\database\factories\UserFactory.java
C:\Users\xAstroBoy\Desktop\Custom Habbo Retro\Polaris-Emulator\Emulator\src\test\java\com\eu\habbo\database\HotQueryProjectionCoverageTest.java
C:\Users\xAstroBoy\Desktop\Custom Habbo Retro\Polaris-Emulator\Emulator\src\test\java\com\eu\habbo\database\HotQueryProjectionIT.java
C:\Users\xAstroBoy\Desktop\Custom Habbo Retro\Polaris-Emulator\Emulator\src\test\java\com\eu\habbo\database\ImmutableEconomyLedgerSchemaTest.java
C:\Users\xAstroBoy\Desktop\Custom Habbo Retro\Polaris-Emulator\Emulator\src\test\java\com\eu\habbo\database\indexing\DatabaseIndexAuditorTest.java
C:\Users\xAstroBoy\Desktop\Custom Habbo Retro\Polaris-Emulator\Emulator\src\test\java\com\eu\habbo\database\indexing\DatabaseIndexMigrationExecutionContractTest.java
C:\Users\xAstroBoy\Desktop\Custom Habbo Retro\Polaris-Emulator\Emulator\src\test\java\com\eu\habbo\database\indexing\DatabaseIndexMigrationIT.java
C:\Users\xAstroBoy\Desktop\Custom Habbo Retro\Polaris-Emulator\Emulator\src\test\java\com\eu\habbo\database\indexing\IndexContractLoaderTest.java
C:\Users\xAstroBoy\Desktop\Custom Habbo Retro\Polaris-Emulator\Emulator\src\test\java\com\eu\habbo\database\indexing\IndexMigrationContractTest.java
C:\Users\xAstroBoy\Desktop\Custom Habbo Retro\Polaris-Emulator\Emulator\src\test\java\com\eu\habbo\database\integrity\DatabaseIntegrityAuditLogFormatTest.java
C:\Users\xAstroBoy\Desktop\Custom Habbo Retro\Polaris-Emulator\Emulator\src\test\java\com\eu\habbo\database\integrity\DatabaseIntegrityAuditorIT.java
C:\Users\xAstroBoy\Desktop\Custom Habbo Retro\Polaris-Emulator\Emulator\src\test\java\com\eu\habbo\database\integrity\IntegrityAuditOptionsTest.java
C:\Users\xAstroBoy\Desktop\Custom Habbo Retro\Polaris-Emulator\Emulator\src\test\java\com\eu\habbo\database\integrity\IntegrityAuditPolicyTest.java
C:\Users\xAstroBoy\Desktop\Custom Habbo Retro\Polaris-Emulator\Emulator\src\test\java\com\eu\habbo\database\integrity\IntegrityContractLoaderTest.java
C:\Users\xAstroBoy\Desktop\Custom Habbo Retro\Polaris-Emulator\Emulator\src\test\java\com\eu\habbo\database\integrity\IntegritySqlTest.java
C:\Users\xAstroBoy\Desktop\Custom Habbo Retro\Polaris-Emulator\Emulator\src\test\java\com\eu\habbo\database\MessengerHistorySchemaContractTest.java
C:\Users\xAstroBoy\Desktop\Custom Habbo Retro\Polaris-Emulator\Emulator\src\test\java\com\eu\habbo\database\migration\CatalogManagerSchemaConsolidationMigrationContractTest.java
C:\Users\xAstroBoy\Desktop\Custom Habbo Retro\Polaris-Emulator\Emulator\src\test\java\com\eu\habbo\database\migration\CatalogMigrationImmutabilityContractTest.java
C:\Users\xAstroBoy\Desktop\Custom Habbo Retro\Polaris-Emulator\Emulator\src\test\java\com\eu\habbo\database\migration\CatalogSoundOfferReferencesMigrationContractTest.java
C:\Users\xAstroBoy\Desktop\Custom Habbo Retro\Polaris-Emulator\Emulator\src\test\java\com\eu\habbo\database\migration\MigrationOptionsTest.java
C:\Users\xAstroBoy\Desktop\Custom Habbo Retro\Polaris-Emulator\Emulator\src\test\java\com\eu\habbo\database\migration\MigrationRunnerConfigurationTest.java
C:\Users\xAstroBoy\Desktop\Custom Habbo Retro\Polaris-Emulator\Emulator\src\test\java\com\eu\habbo\database\migration\MigrationRunnerIT.java
C:\Users\xAstroBoy\Desktop\Custom Habbo Retro\Polaris-Emulator\Emulator\src\test\java\com\eu\habbo\database\migration\RuntimeSchemaContractGenerator.java
C:\Users\xAstroBoy\Desktop\Custom Habbo Retro\Polaris-Emulator\Emulator\src\test\java\com\eu\habbo\database\migration\SoundboardRuntimeSchemaContractTest.java
C:\Users\xAstroBoy\Desktop\Custom Habbo Retro\Polaris-Emulator\Emulator\src\test\java\com\eu\habbo\database\migration\WiredFurniIdentityMigrationContractTest.java
C:\Users\xAstroBoy\Desktop\Custom Habbo Retro\Polaris-Emulator\Emulator\src\test\java\com\eu\habbo\database\migration\WiredInteractionReapplyMigrationContractTest.java
C:\Users\xAstroBoy\Desktop\Custom Habbo Retro\Polaris-Emulator\Emulator\src\test\java\com\eu\habbo\database\migration\WiredUpcounterInteractionMigrationContractTest.java
C:\Users\xAstroBoy\Desktop\Custom Habbo Retro\Polaris-Emulator\Emulator\src\test\java\com\eu\habbo\database\observability\SlowQueryLoggingConfigurationTest.java
C:\Users\xAstroBoy\Desktop\Custom Habbo Retro\Polaris-Emulator\Emulator\src\test\java\com\eu\habbo\database\observability\SlowQueryMonitorTest.java
C:\Users\xAstroBoy\Desktop\Custom Habbo Retro\Polaris-Emulator\Emulator\src\test\java\com\eu\habbo\database\observability\SlowQuerySqlTest.java
C:\Users\xAstroBoy\Desktop\Custom Habbo Retro\Polaris-Emulator\Emulator\src\test\java\com\eu\habbo\database\PersistenceExecutorTest.java
C:\Users\xAstroBoy\Desktop\Custom Habbo Retro\Polaris-Emulator\Emulator\src\test\java\com\eu\habbo\database\PersistenceOperationMonitorTest.java
C:\Users\xAstroBoy\Desktop\Custom Habbo Retro\Polaris-Emulator\Emulator\src\test\java\com\eu\habbo\database\PersistenceTaskRoutingContractTest.java
C:\Users\xAstroBoy\Desktop\Custom Habbo Retro\Polaris-Emulator\Emulator\src\test\java\com\eu\habbo\database\TestDatabase.java
C:\Users\xAstroBoy\Desktop\Custom Habbo Retro\Polaris-Emulator\Emulator\src\test\java\com\eu\habbo\EmulatorConsoleEofTest.java
C:\Users\xAstroBoy\Desktop\Custom Habbo Retro\Polaris-Emulator\Emulator\src\test\java\com\eu\habbo\EmulatorLifecycleCompatibilityTest.java
C:\Users\xAstroBoy\Desktop\Custom Habbo Retro\Polaris-Emulator\Emulator\src\test\java\com\eu\habbo\EmulatorRuntimeFacadeCompatibilityTest.java
C:\Users\xAstroBoy\Desktop\Custom Habbo Retro\Polaris-Emulator\Emulator\src\test\java\com\eu\habbo\EmulatorStartupConfigDefaultsTest.java
C:\Users\xAstroBoy\Desktop\Custom Habbo Retro\Polaris-Emulator\Emulator\src\test\java\com\eu\habbo\EmulatorStartupConsoleTest.java
C:\Users\xAstroBoy\Desktop\Custom Habbo Retro\Polaris-Emulator\Emulator\src\test\java\com\eu\habbo\EmulatorTimeCompatibilityTest.java
C:\Users\xAstroBoy\Desktop\Custom Habbo Retro\Polaris-Emulator\Emulator\src\test\java\com\eu\habbo\ExampleConfigurationTest.java
C:\Users\xAstroBoy\Desktop\Custom Habbo Retro\Polaris-Emulator\Emulator\src\test\java\com\eu\habbo\habbohotel\achievements\AchievementManagerTest.java
C:\Users\xAstroBoy\Desktop\Custom Habbo Retro\Polaris-Emulator\Emulator\src\test\java\com\eu\habbo\habbohotel\bots\BotPickupOwnershipContractTest.java
C:\Users\xAstroBoy\Desktop\Custom Habbo Retro\Polaris-Emulator\Emulator\src\test\java\com\eu\habbo\habbohotel\bots\VisitorBotDateFormattingTest.java
C:\Users\xAstroBoy\Desktop\Custom Habbo Retro\Polaris-Emulator\Emulator\src\test\java\com\eu\habbo\habbohotel\catalog\AtomicCatalogPurchaseContractTest.java
C:\Users\xAstroBoy\Desktop\Custom Habbo Retro\Polaris-Emulator\Emulator\src\test\java\com\eu\habbo\habbohotel\catalog\CatalogAssetTransactionContractTest.java
C:\Users\xAstroBoy\Desktop\Custom Habbo Retro\Polaris-Emulator\Emulator\src\test\java\com\eu\habbo\habbohotel\catalog\CatalogCustomPrefixLayoutRemovalTest.java
C:\Users\xAstroBoy\Desktop\Custom Habbo Retro\Polaris-Emulator\Emulator\src\test\java\com\eu\habbo\habbohotel\catalog\CatalogLimitedConfigurationTest.java
C:\Users\xAstroBoy\Desktop\Custom Habbo Retro\Polaris-Emulator\Emulator\src\test\java\com\eu\habbo\habbohotel\catalog\CatalogManagerAtomicReloadTest.java
C:\Users\xAstroBoy\Desktop\Custom Habbo Retro\Polaris-Emulator\Emulator\src\test\java\com\eu\habbo\habbohotel\catalog\CatalogPageAccessPolicyContractTest.java
C:\Users\xAstroBoy\Desktop\Custom Habbo Retro\Polaris-Emulator\Emulator\src\test\java\com\eu\habbo\habbohotel\catalog\CatalogPageLayoutsSchemaTest.java
C:\Users\xAstroBoy\Desktop\Custom Habbo Retro\Polaris-Emulator\Emulator\src\test\java\com\eu\habbo\habbohotel\catalog\CatalogPageOrderingTest.java
C:\Users\xAstroBoy\Desktop\Custom Habbo Retro\Polaris-Emulator\Emulator\src\test\java\com\eu\habbo\habbohotel\catalog\CatalogPublicCacheCompatibilityTest.java
C:\Users\xAstroBoy\Desktop\Custom Habbo Retro\Polaris-Emulator\Emulator\src\test\java\com\eu\habbo\habbohotel\catalog\CatalogPurchaseAtomicityContractTest.java
C:\Users\xAstroBoy\Desktop\Custom Habbo Retro\Polaris-Emulator\Emulator\src\test\java\com\eu\habbo\habbohotel\catalog\CatalogPurchaseMathTest.java
C:\Users\xAstroBoy\Desktop\Custom Habbo Retro\Polaris-Emulator\Emulator\src\test\java\com\eu\habbo\habbohotel\catalog\CatalogSpecialAssetTransactionContractTest.java
C:\Users\xAstroBoy\Desktop\Custom Habbo Retro\Polaris-Emulator\Emulator\src\test\java\com\eu\habbo\habbohotel\catalog\CatalogValueValidatorTest.java
C:\Users\xAstroBoy\Desktop\Custom Habbo Retro\Polaris-Emulator\Emulator\src\test\java\com\eu\habbo\habbohotel\catalog\marketplace\AtomicMarketPlacePurchaseContractTest.java
C:\Users\xAstroBoy\Desktop\Custom Habbo Retro\Polaris-Emulator\Emulator\src\test\java\com\eu\habbo\habbohotel\catalog\marketplace\MarketPlaceCreditClaimContractTest.java
C:\Users\xAstroBoy\Desktop\Custom Habbo Retro\Polaris-Emulator\Emulator\src\test\java\com\eu\habbo\habbohotel\catalog\marketplace\MarketPlaceListingPriceContractTest.java
C:\Users\xAstroBoy\Desktop\Custom Habbo Retro\Polaris-Emulator\Emulator\src\test\java\com\eu\habbo\habbohotel\catalog\marketplace\MarketPlaceOfferContractTest.java
C:\Users\xAstroBoy\Desktop\Custom Habbo Retro\Polaris-Emulator\Emulator\src\test\java\com\eu\habbo\habbohotel\catalog\versioning\CatalogChangeFieldDiffTest.java
C:\Users\xAstroBoy\Desktop\Custom Habbo Retro\Polaris-Emulator\Emulator\src\test\java\com\eu\habbo\habbohotel\catalog\versioning\CatalogDocumentTestSupport.java
C:\Users\xAstroBoy\Desktop\Custom Habbo Retro\Polaris-Emulator\Emulator\src\test\java\com\eu\habbo\habbohotel\catalog\versioning\CatalogLiveChangeSetServiceTest.java
C:\Users\xAstroBoy\Desktop\Custom Habbo Retro\Polaris-Emulator\Emulator\src\test\java\com\eu\habbo\habbohotel\catalog\versioning\CatalogLiveMutationServiceTest.java
C:\Users\xAstroBoy\Desktop\Custom Habbo Retro\Polaris-Emulator\Emulator\src\test\java\com\eu\habbo\habbohotel\catalog\versioning\CatalogLiveSessionOpenTest.java
C:\Users\xAstroBoy\Desktop\Custom Habbo Retro\Polaris-Emulator\Emulator\src\test\java\com\eu\habbo\habbohotel\catalog\versioning\CatalogLiveUndoServiceTest.java
C:\Users\xAstroBoy\Desktop\Custom Habbo Retro\Polaris-Emulator\Emulator\src\test\java\com\eu\habbo\habbohotel\catalog\versioning\CatalogLiveValidationGuardTest.java
C:\Users\xAstroBoy\Desktop\Custom Habbo Retro\Polaris-Emulator\Emulator\src\test\java\com\eu\habbo\habbohotel\catalog\versioning\CatalogOperationalOfferRepositoryTest.java
C:\Users\xAstroBoy\Desktop\Custom Habbo Retro\Polaris-Emulator\Emulator\src\test\java\com\eu\habbo\habbohotel\catalog\versioning\CatalogPageMovePlannerTest.java
C:\Users\xAstroBoy\Desktop\Custom Habbo Retro\Polaris-Emulator\Emulator\src\test\java\com\eu\habbo\habbohotel\catalog\versioning\CatalogSnapshotPatchTest.java
C:\Users\xAstroBoy\Desktop\Custom Habbo Retro\Polaris-Emulator\Emulator\src\test\java\com\eu\habbo\habbohotel\catalog\versioning\CatalogSnapshotTest.java
C:\Users\xAstroBoy\Desktop\Custom Habbo Retro\Polaris-Emulator\Emulator\src\test\java\com\eu\habbo\habbohotel\catalog\versioning\CatalogSnapshotThreeWayMergeTest.java
C:\Users\xAstroBoy\Desktop\Custom Habbo Retro\Polaris-Emulator\Emulator\src\test\java\com\eu\habbo\habbohotel\catalog\versioning\CatalogSqlImportExportServiceTest.java
C:\Users\xAstroBoy\Desktop\Custom Habbo Retro\Polaris-Emulator\Emulator\src\test\java\com\eu\habbo\habbohotel\catalog\versioning\CatalogStudioDocumentServiceTest.java
C:\Users\xAstroBoy\Desktop\Custom Habbo Retro\Polaris-Emulator\Emulator\src\test\java\com\eu\habbo\habbohotel\catalog\versioning\CatalogStudioDocumentWireCodecTest.java
C:\Users\xAstroBoy\Desktop\Custom Habbo Retro\Polaris-Emulator\Emulator\src\test\java\com\eu\habbo\habbohotel\catalog\versioning\CatalogValidatorTest.java
C:\Users\xAstroBoy\Desktop\Custom Habbo Retro\Polaris-Emulator\Emulator\src\test\java\com\eu\habbo\habbohotel\catalog\versioning\JdbcCatalogChangeJournalTest.java
C:\Users\xAstroBoy\Desktop\Custom Habbo Retro\Polaris-Emulator\Emulator\src\test\java\com\eu\habbo\habbohotel\catalog\versioning\JdbcCatalogLiveEntityWriterTest.java
C:\Users\xAstroBoy\Desktop\Custom Habbo Retro\Polaris-Emulator\Emulator\src\test\java\com\eu\habbo\habbohotel\catalog\versioning\JdbcCatalogOperationRepositoryTest.java
C:\Users\xAstroBoy\Desktop\Custom Habbo Retro\Polaris-Emulator\Emulator\src\test\java\com\eu\habbo\habbohotel\catalog\versioning\JdbcCatalogStudioQueryRepositoryTest.java
C:\Users\xAstroBoy\Desktop\Custom Habbo Retro\Polaris-Emulator\Emulator\src\test\java\com\eu\habbo\habbohotel\catalog\versioning\JdbcCatalogValidationDataRepositoryTest.java
C:\Users\xAstroBoy\Desktop\Custom Habbo Retro\Polaris-Emulator\Emulator\src\test\java\com\eu\habbo\habbohotel\catalog\versioning\JdbcCatalogVersionRepositoryTest.java
C:\Users\xAstroBoy\Desktop\Custom Habbo Retro\Polaris-Emulator\Emulator\src\test\java\com\eu\habbo\habbohotel\catalog\versioning\RuntimeCatalogPreviewPresentationResolverTest.java
C:\Users\xAstroBoy\Desktop\Custom Habbo Retro\Polaris-Emulator\Emulator\src\test\java\com\eu\habbo\habbohotel\catalog\VoucherClaimContractTest.java
C:\Users\xAstroBoy\Desktop\Custom Habbo Retro\Polaris-Emulator\Emulator\src\test\java\com\eu\habbo\habbohotel\commands\BssCommandCompatibilityContractTest.java
C:\Users\xAstroBoy\Desktop\Custom Habbo Retro\Polaris-Emulator\Emulator\src\test\java\com\eu\habbo\habbohotel\commands\CommandsCommandFormatTest.java
C:\Users\xAstroBoy\Desktop\Custom Habbo Retro\Polaris-Emulator\Emulator\src\test\java\com\eu\habbo\habbohotel\commands\CommandTargetGuardContractTest.java
C:\Users\xAstroBoy\Desktop\Custom Habbo Retro\Polaris-Emulator\Emulator\src\test\java\com\eu\habbo\habbohotel\commands\EventCommandNotificationTest.java
C:\Users\xAstroBoy\Desktop\Custom Habbo Retro\Polaris-Emulator\Emulator\src\test\java\com\eu\habbo\habbohotel\commands\OnlineCommandContractTest.java
C:\Users\xAstroBoy\Desktop\Custom Habbo Retro\Polaris-Emulator\Emulator\src\test\java\com\eu\habbo\habbohotel\commands\PointsCommandAliasContractTest.java
C:\Users\xAstroBoy\Desktop\Custom Habbo Retro\Polaris-Emulator\Emulator\src\test\java\com\eu\habbo\habbohotel\commands\RedeemCommandValueGuardTest.java
C:\Users\xAstroBoy\Desktop\Custom Habbo Retro\Polaris-Emulator\Emulator\src\test\java\com\eu\habbo\habbohotel\commands\RoomOwnerCommandsContractTest.java
C:\Users\xAstroBoy\Desktop\Custom Habbo Retro\Polaris-Emulator\Emulator\src\test\java\com\eu\habbo\habbohotel\commands\SetHomeCommandContractTest.java
C:\Users\xAstroBoy\Desktop\Custom Habbo Retro\Polaris-Emulator\Emulator\src\test\java\com\eu\habbo\habbohotel\commands\TornadoHeightRestoreContractTest.java
C:\Users\xAstroBoy\Desktop\Custom Habbo Retro\Polaris-Emulator\Emulator\src\test\java\com\eu\habbo\habbohotel\earnings\EarningsCenterManagerTest.java
C:\Users\xAstroBoy\Desktop\Custom Habbo Retro\Polaris-Emulator\Emulator\src\test\java\com\eu\habbo\habbohotel\economy\EconomyAuditCoverageContractTest.java
C:\Users\xAstroBoy\Desktop\Custom Habbo Retro\Polaris-Emulator\Emulator\src\test\java\com\eu\habbo\habbohotel\economy\EconomyAuditEntryTest.java
C:\Users\xAstroBoy\Desktop\Custom Habbo Retro\Polaris-Emulator\Emulator\src\test\java\com\eu\habbo\habbohotel\economy\EconomyLedgerContractTest.java
C:\Users\xAstroBoy\Desktop\Custom Habbo Retro\Polaris-Emulator\Emulator\src\test\java\com\eu\habbo\habbohotel\economy\EconomyLedgerIT.java
C:\Users\xAstroBoy\Desktop\Custom Habbo Retro\Polaris-Emulator\Emulator\src\test\java\com\eu\habbo\habbohotel\economy\EconomyOperationTest.java
C:\Users\xAstroBoy\Desktop\Custom Habbo Retro\Polaris-Emulator\Emulator\src\test\java\com\eu\habbo\habbohotel\gameclients\DuplicateUserSessionContractTest.java
C:\Users\xAstroBoy\Desktop\Custom Habbo Retro\Polaris-Emulator\Emulator\src\test\java\com\eu\habbo\habbohotel\gameclients\GameClientLookupTest.java
C:\Users\xAstroBoy\Desktop\Custom Habbo Retro\Polaris-Emulator\Emulator\src\test\java\com\eu\habbo\habbohotel\gameclients\GameClientManagerContractTest.java
C:\Users\xAstroBoy\Desktop\Custom Habbo Retro\Polaris-Emulator\Emulator\src\test\java\com\eu\habbo\habbohotel\gameclients\GameClientOutgoingPacketCompatibilityTest.java
C:\Users\xAstroBoy\Desktop\Custom Habbo Retro\Polaris-Emulator\Emulator\src\test\java\com\eu\habbo\habbohotel\GameEnvironmentDisposalTest.java
C:\Users\xAstroBoy\Desktop\Custom Habbo Retro\Polaris-Emulator\Emulator\src\test\java\com\eu\habbo\habbohotel\GameEnvironmentFacadeCompatibilityTest.java
C:\Users\xAstroBoy\Desktop\Custom Habbo Retro\Polaris-Emulator\Emulator\src\test\java\com\eu\habbo\habbohotel\games\snowwar\mapping\SnowWarMapsManagerTest.java
C:\Users\xAstroBoy\Desktop\Custom Habbo Retro\Polaris-Emulator\Emulator\src\test\java\com\eu\habbo\habbohotel\games\snowwar\SnowWarAirParityTest.java
C:\Users\xAstroBoy\Desktop\Custom Habbo Retro\Polaris-Emulator\Emulator\src\test\java\com\eu\habbo\habbohotel\games\snowwar\SnowWarArcticIslandFixtureTest.java
C:\Users\xAstroBoy\Desktop\Custom Habbo Retro\Polaris-Emulator\Emulator\src\test\java\com\eu\habbo\habbohotel\games\snowwar\SnowWarLeaderboardRepositoryTest.java
C:\Users\xAstroBoy\Desktop\Custom Habbo Retro\Polaris-Emulator\Emulator\src\test\java\com\eu\habbo\habbohotel\games\snowwar\SnowWarRayGunParityTest.java
C:\Users\xAstroBoy\Desktop\Custom Habbo Retro\Polaris-Emulator\Emulator\src\test\java\com\eu\habbo\habbohotel\guilds\GuildBadgeBuilderTest.java
C:\Users\xAstroBoy\Desktop\Custom Habbo Retro\Polaris-Emulator\Emulator\src\test\java\com\eu\habbo\habbohotel\guilds\GuildManagerMembershipContractTest.java
C:\Users\xAstroBoy\Desktop\Custom Habbo Retro\Polaris-Emulator\Emulator\src\test\java\com\eu\habbo\habbohotel\HotelServiceRegistryTest.java
C:\Users\xAstroBoy\Desktop\Custom Habbo Retro\Polaris-Emulator\Emulator\src\test\java\com\eu\habbo\habbohotel\items\CrackableRewardTest.java
C:\Users\xAstroBoy\Desktop\Custom Habbo Retro\Polaris-Emulator\Emulator\src\test\java\com\eu\habbo\habbohotel\items\editor\FurniEditorRepositoryTest.java
C:\Users\xAstroBoy\Desktop\Custom Habbo Retro\Polaris-Emulator\Emulator\src\test\java\com\eu\habbo\habbohotel\items\FurnidataJsonTest.java
C:\Users\xAstroBoy\Desktop\Custom Habbo Retro\Polaris-Emulator\Emulator\src\test\java\com\eu\habbo\habbohotel\items\FurnidataReaderTest.java
C:\Users\xAstroBoy\Desktop\Custom Habbo Retro\Polaris-Emulator\Emulator\src\test\java\com\eu\habbo\habbohotel\items\FurnidataWriterTest.java
C:\Users\xAstroBoy\Desktop\Custom Habbo Retro\Polaris-Emulator\Emulator\src\test\java\com\eu\habbo\habbohotel\items\FurniFootprintTest.java
C:\Users\xAstroBoy\Desktop\Custom Habbo Retro\Polaris-Emulator\Emulator\src\test\java\com\eu\habbo\habbohotel\items\FurnitureTextProviderDeltaTest.java
C:\Users\xAstroBoy\Desktop\Custom Habbo Retro\Polaris-Emulator\Emulator\src\test\java\com\eu\habbo\habbohotel\items\FurnitureTextProviderTest.java
C:\Users\xAstroBoy\Desktop\Custom Habbo Retro\Polaris-Emulator\Emulator\src\test\java\com\eu\habbo\habbohotel\items\interactions\InteractionExternalImageTest.java
C:\Users\xAstroBoy\Desktop\Custom Habbo Retro\Polaris-Emulator\Emulator\src\test\java\com\eu\habbo\habbohotel\items\interactions\RentableSpaceChargeContractTest.java
C:\Users\xAstroBoy\Desktop\Custom Habbo Retro\Polaris-Emulator\Emulator\src\test\java\com\eu\habbo\habbohotel\items\interactions\wired\chest\ChestCapacityTest.java
C:\Users\xAstroBoy\Desktop\Custom Habbo Retro\Polaris-Emulator\Emulator\src\test\java\com\eu\habbo\habbohotel\items\interactions\wired\chest\ChestExtradataWireTest.java
C:\Users\xAstroBoy\Desktop\Custom Habbo Retro\Polaris-Emulator\Emulator\src\test\java\com\eu\habbo\habbohotel\items\interactions\wired\chest\ChestStorageSecurityTest.java
C:\Users\xAstroBoy\Desktop\Custom Habbo Retro\Polaris-Emulator\Emulator\src\test\java\com\eu\habbo\habbohotel\items\interactions\wired\chest\ChestStorageWireTypeTest.java
C:\Users\xAstroBoy\Desktop\Custom Habbo Retro\Polaris-Emulator\Emulator\src\test\java\com\eu\habbo\habbohotel\items\interactions\wired\chest\ChestTransactionLogTest.java
C:\Users\xAstroBoy\Desktop\Custom Habbo Retro\Polaris-Emulator\Emulator\src\test\java\com\eu\habbo\habbohotel\items\interactions\wired\chest\ContractRequirementEvaluatorTest.java
C:\Users\xAstroBoy\Desktop\Custom Habbo Retro\Polaris-Emulator\Emulator\src\test\java\com\eu\habbo\habbohotel\items\interactions\wired\chest\WiredTradeSettlementTest.java
C:\Users\xAstroBoy\Desktop\Custom Habbo Retro\Polaris-Emulator\Emulator\src\test\java\com\eu\habbo\habbohotel\items\interactions\wired\chest\WiredTradingSessionTest.java
C:\Users\xAstroBoy\Desktop\Custom Habbo Retro\Polaris-Emulator\Emulator\src\test\java\com\eu\habbo\habbohotel\items\interactions\wired\conditions\WiredConditionAvatarPayloadGuardTest.java
C:\Users\xAstroBoy\Desktop\Custom Habbo Retro\Polaris-Emulator\Emulator\src\test\java\com\eu\habbo\habbohotel\items\interactions\wired\conditions\WiredConditionCountTimePayloadGuardTest.java
C:\Users\xAstroBoy\Desktop\Custom Habbo Retro\Polaris-Emulator\Emulator\src\test\java\com\eu\habbo\habbohotel\items\interactions\wired\conditions\WiredConditionDatePayloadGuardTest.java
C:\Users\xAstroBoy\Desktop\Custom Habbo Retro\Polaris-Emulator\Emulator\src\test\java\com\eu\habbo\habbohotel\items\interactions\wired\conditions\WiredConditionFurniPayloadGuardTest.java
C:\Users\xAstroBoy\Desktop\Custom Habbo Retro\Polaris-Emulator\Emulator\src\test\java\com\eu\habbo\habbohotel\items\interactions\wired\conditions\WiredConditionFurniSelectionPayloadGuardTest.java
C:\Users\xAstroBoy\Desktop\Custom Habbo Retro\Polaris-Emulator\Emulator\src\test\java\com\eu\habbo\habbohotel\items\interactions\wired\conditions\WiredConditionInputGuardTest.java
C:\Users\xAstroBoy\Desktop\Custom Habbo Retro\Polaris-Emulator\Emulator\src\test\java\com\eu\habbo\habbohotel\items\interactions\wired\conditions\WiredConditionMatchPayloadGuardTest.java
C:\Users\xAstroBoy\Desktop\Custom Habbo Retro\Polaris-Emulator\Emulator\src\test\java\com\eu\habbo\habbohotel\items\interactions\wired\conditions\WiredConditionSameHeightQuantifierTest.java
C:\Users\xAstroBoy\Desktop\Custom Habbo Retro\Polaris-Emulator\Emulator\src\test\java\com\eu\habbo\habbohotel\items\interactions\wired\conditions\WiredConditionTeamGameBaseTest.java
C:\Users\xAstroBoy\Desktop\Custom Habbo Retro\Polaris-Emulator\Emulator\src\test\java\com\eu\habbo\habbohotel\items\interactions\wired\conditions\WiredConditionUserPayloadGuardTest.java
C:\Users\xAstroBoy\Desktop\Custom Habbo Retro\Polaris-Emulator\Emulator\src\test\java\com\eu\habbo\habbohotel\items\interactions\wired\conditions\WiredConditionVariablePayloadGuardTest.java
C:\Users\xAstroBoy\Desktop\Custom Habbo Retro\Polaris-Emulator\Emulator\src\test\java\com\eu\habbo\habbohotel\items\interactions\wired\conditions\WiredDateRangeInputGuardTest.java
C:\Users\xAstroBoy\Desktop\Custom Habbo Retro\Polaris-Emulator\Emulator\src\test\java\com\eu\habbo\habbohotel\items\interactions\wired\conditions\WiredFurniConditionInputGuardTest.java
C:\Users\xAstroBoy\Desktop\Custom Habbo Retro\Polaris-Emulator\Emulator\src\test\java\com\eu\habbo\habbohotel\items\interactions\wired\conditions\WiredMatchPositionInputGuardTest.java
C:\Users\xAstroBoy\Desktop\Custom Habbo Retro\Polaris-Emulator\Emulator\src\test\java\com\eu\habbo\habbohotel\items\interactions\wired\conditions\WiredUserActionInputGuardTest.java
C:\Users\xAstroBoy\Desktop\Custom Habbo Retro\Polaris-Emulator\Emulator\src\test\java\com\eu\habbo\habbohotel\items\interactions\wired\conditions\WiredUserConditionInputGuardTest.java
C:\Users\xAstroBoy\Desktop\Custom Habbo Retro\Polaris-Emulator\Emulator\src\test\java\com\eu\habbo\habbohotel\items\interactions\wired\contract\InteractionWiredContractRulesTest.java
C:\Users\xAstroBoy\Desktop\Custom Habbo Retro\Polaris-Emulator\Emulator\src\test\java\com\eu\habbo\habbohotel\items\interactions\wired\effects\WiredCommandPolicyTest.java
C:\Users\xAstroBoy\Desktop\Custom Habbo Retro\Polaris-Emulator\Emulator\src\test\java\com\eu\habbo\habbohotel\items\interactions\wired\effects\WiredEffectChangeOpacityTest.java
C:\Users\xAstroBoy\Desktop\Custom Habbo Retro\Polaris-Emulator\Emulator\src\test\java\com\eu\habbo\habbohotel\items\interactions\wired\effects\WiredEffectChangeVariableValueBitOperationsTest.java
C:\Users\xAstroBoy\Desktop\Custom Habbo Retro\Polaris-Emulator\Emulator\src\test\java\com\eu\habbo\habbohotel\items\interactions\wired\effects\WiredEffectGiveBssPointsTest.java
C:\Users\xAstroBoy\Desktop\Custom Habbo Retro\Polaris-Emulator\Emulator\src\test\java\com\eu\habbo\habbohotel\items\interactions\wired\effects\WiredEffectGiveDucketsTest.java
C:\Users\xAstroBoy\Desktop\Custom Habbo Retro\Polaris-Emulator\Emulator\src\test\java\com\eu\habbo\habbohotel\items\interactions\wired\effects\WiredEffectGivePointsHighscoreTest.java
C:\Users\xAstroBoy\Desktop\Custom Habbo Retro\Polaris-Emulator\Emulator\src\test\java\com\eu\habbo\habbohotel\items\interactions\wired\effects\WiredEffectMoveFurniToTest.java
C:\Users\xAstroBoy\Desktop\Custom Habbo Retro\Polaris-Emulator\Emulator\src\test\java\com\eu\habbo\habbohotel\items\interactions\wired\effects\WiredEffectPayloadGuardTest.java
C:\Users\xAstroBoy\Desktop\Custom Habbo Retro\Polaris-Emulator\Emulator\src\test\java\com\eu\habbo\habbohotel\items\interactions\wired\effects\WiredEffectResetTimersTest.java
C:\Users\xAstroBoy\Desktop\Custom Habbo Retro\Polaris-Emulator\Emulator\src\test\java\com\eu\habbo\habbohotel\items\interactions\wired\effects\WiredEffectSayCommandSecurityTest.java
C:\Users\xAstroBoy\Desktop\Custom Habbo Retro\Polaris-Emulator\Emulator\src\test\java\com\eu\habbo\habbohotel\items\interactions\wired\effects\WiredEffectWhisperBubbleWidthTest.java
C:\Users\xAstroBoy\Desktop\Custom Habbo Retro\Polaris-Emulator\Emulator\src\test\java\com\eu\habbo\habbohotel\items\interactions\wired\effects\WiredLinkPolicyTest.java
C:\Users\xAstroBoy\Desktop\Custom Habbo Retro\Polaris-Emulator\Emulator\src\test\java\com\eu\habbo\habbohotel\items\interactions\wired\effects\WiredMovementPayloadGuardTest.java
C:\Users\xAstroBoy\Desktop\Custom Habbo Retro\Polaris-Emulator\Emulator\src\test\java\com\eu\habbo\habbohotel\items\interactions\wired\effects\WiredUtilityPayloadGuardTest.java
C:\Users\xAstroBoy\Desktop\Custom Habbo Retro\Polaris-Emulator\Emulator\src\test\java\com\eu\habbo\habbohotel\items\interactions\wired\extra\WiredExtraPayloadGuardTest.java
C:\Users\xAstroBoy\Desktop\Custom Habbo Retro\Polaris-Emulator\Emulator\src\test\java\com\eu\habbo\habbohotel\items\interactions\wired\extra\WiredExtraVariableWebApiTest.java
C:\Users\xAstroBoy\Desktop\Custom Habbo Retro\Polaris-Emulator\Emulator\src\test\java\com\eu\habbo\habbohotel\items\interactions\wired\selector\WiredSelectorPayloadGuardTest.java
C:\Users\xAstroBoy\Desktop\Custom Habbo Retro\Polaris-Emulator\Emulator\src\test\java\com\eu\habbo\habbohotel\items\interactions\wired\triggers\WiredTriggerPayloadGuardTest.java
C:\Users\xAstroBoy\Desktop\Custom Habbo Retro\Polaris-Emulator\Emulator\src\test\java\com\eu\habbo\habbohotel\items\interactions\wired\WiredInputGuardTest.java
C:\Users\xAstroBoy\Desktop\Custom Habbo Retro\Polaris-Emulator\Emulator\src\test\java\com\eu\habbo\habbohotel\items\interactions\wired\WiredLegacyDataGuardTest.java
C:\Users\xAstroBoy\Desktop\Custom Habbo Retro\Polaris-Emulator\Emulator\src\test\java\com\eu\habbo\habbohotel\items\interactions\wired\WiredNumericInputGuardTest.java
C:\Users\xAstroBoy\Desktop\Custom Habbo Retro\Polaris-Emulator\Emulator\src\test\java\com\eu\habbo\habbohotel\items\interactions\wired\WiredPersistenceCompatibilityTest.java
C:\Users\xAstroBoy\Desktop\Custom Habbo Retro\Polaris-Emulator\Emulator\src\test\java\com\eu\habbo\habbohotel\items\interactions\wired\WiredRegisteredExecutionCompatibilityTest.java
C:\Users\xAstroBoy\Desktop\Custom Habbo Retro\Polaris-Emulator\Emulator\src\test\java\com\eu\habbo\habbohotel\items\interactions\wired\WiredRewardPolicyTest.java
C:\Users\xAstroBoy\Desktop\Custom Habbo Retro\Polaris-Emulator\Emulator\src\test\java\com\eu\habbo\habbohotel\items\interactions\wired\WiredTimerInputGuardTest.java
C:\Users\xAstroBoy\Desktop\Custom Habbo Retro\Polaris-Emulator\Emulator\src\test\java\com\eu\habbo\habbohotel\items\interactions\WiredUnreachableDiagnosticTest.java
C:\Users\xAstroBoy\Desktop\Custom Habbo Retro\Polaris-Emulator\Emulator\src\test\java\com\eu\habbo\habbohotel\items\ItemDataGuardTest.java
C:\Users\xAstroBoy\Desktop\Custom Habbo Retro\Polaris-Emulator\Emulator\src\test\java\com\eu\habbo\habbohotel\items\ItemInteractionRegistryCompatibilityTest.java
C:\Users\xAstroBoy\Desktop\Custom Habbo Retro\Polaris-Emulator\Emulator\src\test\java\com\eu\habbo\habbohotel\items\WiredInteractionProtocolContractTest.java
C:\Users\xAstroBoy\Desktop\Custom Habbo Retro\Polaris-Emulator\Emulator\src\test\java\com\eu\habbo\habbohotel\items\WiredInteractionRegistryFixture.java
C:\Users\xAstroBoy\Desktop\Custom Habbo Retro\Polaris-Emulator\Emulator\src\test\java\com\eu\habbo\habbohotel\messenger\history\MessengerHistoryRetentionSqlContractTest.java
C:\Users\xAstroBoy\Desktop\Custom Habbo Retro\Polaris-Emulator\Emulator\src\test\java\com\eu\habbo\habbohotel\messenger\history\MessengerHistoryServiceTest.java
C:\Users\xAstroBoy\Desktop\Custom Habbo Retro\Polaris-Emulator\Emulator\src\test\java\com\eu\habbo\habbohotel\modtool\HousekeepingAuditLogContractTest.java
C:\Users\xAstroBoy\Desktop\Custom Habbo Retro\Polaris-Emulator\Emulator\src\test\java\com\eu\habbo\habbohotel\modtool\ModToolBanDateFormattingTest.java
C:\Users\xAstroBoy\Desktop\Custom Habbo Retro\Polaris-Emulator\Emulator\src\test\java\com\eu\habbo\habbohotel\permissions\PermissionSettingContractTest.java
C:\Users\xAstroBoy\Desktop\Custom Habbo Retro\Polaris-Emulator\Emulator\src\test\java\com\eu\habbo\habbohotel\permissions\RankPermissionContractTest.java
C:\Users\xAstroBoy\Desktop\Custom Habbo Retro\Polaris-Emulator\Emulator\src\test\java\com\eu\habbo\habbohotel\rooms\AtomicRoomTradeContractTest.java
C:\Users\xAstroBoy\Desktop\Custom Habbo Retro\Polaris-Emulator\Emulator\src\test\java\com\eu\habbo\habbohotel\rooms\AvatarEffectSupportTest.java
C:\Users\xAstroBoy\Desktop\Custom Habbo Retro\Polaris-Emulator\Emulator\src\test\java\com\eu\habbo\habbohotel\rooms\AvatarHandItemSupportTest.java
C:\Users\xAstroBoy\Desktop\Custom Habbo Retro\Polaris-Emulator\Emulator\src\test\java\com\eu\habbo\habbohotel\rooms\PirateEasterEggGuardTest.java
C:\Users\xAstroBoy\Desktop\Custom Habbo Retro\Polaris-Emulator\Emulator\src\test\java\com\eu\habbo\habbohotel\rooms\RoomChatMessageBubbleWidthTest.java
C:\Users\xAstroBoy\Desktop\Custom Habbo Retro\Polaris-Emulator\Emulator\src\test\java\com\eu\habbo\habbohotel\rooms\RoomConstructionCharacterizationTest.java
C:\Users\xAstroBoy\Desktop\Custom Habbo Retro\Polaris-Emulator\Emulator\src\test\java\com\eu\habbo\habbohotel\rooms\RoomCycleFlushBatchTest.java
C:\Users\xAstroBoy\Desktop\Custom Habbo Retro\Polaris-Emulator\Emulator\src\test\java\com\eu\habbo\habbohotel\rooms\RoomDirectoryCharacterizationTest.java
C:\Users\xAstroBoy\Desktop\Custom Habbo Retro\Polaris-Emulator\Emulator\src\test\java\com\eu\habbo\habbohotel\rooms\RoomEntryPolicyBehaviorTest.java
C:\Users\xAstroBoy\Desktop\Custom Habbo Retro\Polaris-Emulator\Emulator\src\test\java\com\eu\habbo\habbohotel\rooms\RoomFacadeArchitectureTest.java
C:\Users\xAstroBoy\Desktop\Custom Habbo Retro\Polaris-Emulator\Emulator\src\test\java\com\eu\habbo\habbohotel\rooms\RoomGenerationIdentityTest.java
C:\Users\xAstroBoy\Desktop\Custom Habbo Retro\Polaris-Emulator\Emulator\src\test\java\com\eu\habbo\habbohotel\rooms\RoomItemManagerWiredLoadIsolationTest.java
C:\Users\xAstroBoy\Desktop\Custom Habbo Retro\Polaris-Emulator\Emulator\src\test\java\com\eu\habbo\habbohotel\rooms\RoomItemMovementBehaviorTest.java
C:\Users\xAstroBoy\Desktop\Custom Habbo Retro\Polaris-Emulator\Emulator\src\test\java\com\eu\habbo\habbohotel\rooms\RoomItemOperationBehaviorTest.java
C:\Users\xAstroBoy\Desktop\Custom Habbo Retro\Polaris-Emulator\Emulator\src\test\java\com\eu\habbo\habbohotel\rooms\RoomItemOwnershipBehaviorTest.java
C:\Users\xAstroBoy\Desktop\Custom Habbo Retro\Polaris-Emulator\Emulator\src\test\java\com\eu\habbo\habbohotel\rooms\RoomItemPersistenceBehaviorTest.java
C:\Users\xAstroBoy\Desktop\Custom Habbo Retro\Polaris-Emulator\Emulator\src\test\java\com\eu\habbo\habbohotel\rooms\RoomItemPlacementBehaviorTest.java
C:\Users\xAstroBoy\Desktop\Custom Habbo Retro\Polaris-Emulator\Emulator\src\test\java\com\eu\habbo\habbohotel\rooms\RoomItemRegistryBehaviorTest.java
C:\Users\xAstroBoy\Desktop\Custom Habbo Retro\Polaris-Emulator\Emulator\src\test\java\com\eu\habbo\habbohotel\rooms\RoomItemStateTest.java
C:\Users\xAstroBoy\Desktop\Custom Habbo Retro\Polaris-Emulator\Emulator\src\test\java\com\eu\habbo\habbohotel\rooms\RoomJdbcTestSupport.java
C:\Users\xAstroBoy\Desktop\Custom Habbo Retro\Polaris-Emulator\Emulator\src\test\java\com\eu\habbo\habbohotel\rooms\RoomLifecycleBehaviorTest.java
C:\Users\xAstroBoy\Desktop\Custom Habbo Retro\Polaris-Emulator\Emulator\src\test\java\com\eu\habbo\habbohotel\rooms\RoomLifecycleCharacterizationTest.java
C:\Users\xAstroBoy\Desktop\Custom Habbo Retro\Polaris-Emulator\Emulator\src\test\java\com\eu\habbo\habbohotel\rooms\RoomLifecycleConcurrencyTest.java
C:\Users\xAstroBoy\Desktop\Custom Habbo Retro\Polaris-Emulator\Emulator\src\test\java\com\eu\habbo\habbohotel\rooms\RoomLoaderConcurrencyTest.java
C:\Users\xAstroBoy\Desktop\Custom Habbo Retro\Polaris-Emulator\Emulator\src\test\java\com\eu\habbo\habbohotel\rooms\RoomLoaderTest.java
C:\Users\xAstroBoy\Desktop\Custom Habbo Retro\Polaris-Emulator\Emulator\src\test\java\com\eu\habbo\habbohotel\rooms\RoomManagerCycleQuiescenceTest.java
C:\Users\xAstroBoy\Desktop\Custom Habbo Retro\Polaris-Emulator\Emulator\src\test\java\com\eu\habbo\habbohotel\rooms\RoomManagerModerationContractTest.java
C:\Users\xAstroBoy\Desktop\Custom Habbo Retro\Polaris-Emulator\Emulator\src\test\java\com\eu\habbo\habbohotel\rooms\RoomManagerPersistenceBehaviorTest.java
C:\Users\xAstroBoy\Desktop\Custom Habbo Retro\Polaris-Emulator\Emulator\src\test\java\com\eu\habbo\habbohotel\rooms\RoomMessagingManagerBatchTest.java
C:\Users\xAstroBoy\Desktop\Custom Habbo Retro\Polaris-Emulator\Emulator\src\test\java\com\eu\habbo\habbohotel\rooms\RoomModelRepositoryCharacterizationTest.java
C:\Users\xAstroBoy\Desktop\Custom Habbo Retro\Polaris-Emulator\Emulator\src\test\java\com\eu\habbo\habbohotel\rooms\RoomModerationBehaviorTest.java
C:\Users\xAstroBoy\Desktop\Custom Habbo Retro\Polaris-Emulator\Emulator\src\test\java\com\eu\habbo\habbohotel\rooms\RoomOwnerIndexTest.java
C:\Users\xAstroBoy\Desktop\Custom Habbo Retro\Polaris-Emulator\Emulator\src\test\java\com\eu\habbo\habbohotel\rooms\RoomPersistenceBehaviorTest.java
C:\Users\xAstroBoy\Desktop\Custom Habbo Retro\Polaris-Emulator\Emulator\src\test\java\com\eu\habbo\habbohotel\rooms\RoomPickupOwnershipContractTest.java
C:\Users\xAstroBoy\Desktop\Custom Habbo Retro\Polaris-Emulator\Emulator\src\test\java\com\eu\habbo\habbohotel\rooms\RoomPromotionManagerPublicationTest.java
C:\Users\xAstroBoy\Desktop\Custom Habbo Retro\Polaris-Emulator\Emulator\src\test\java\com\eu\habbo\habbohotel\rooms\RoomRightsBehaviorTest.java
C:\Users\xAstroBoy\Desktop\Custom Habbo Retro\Polaris-Emulator\Emulator\src\test\java\com\eu\habbo\habbohotel\rooms\RoomRightsManagerGuildContractTest.java
C:\Users\xAstroBoy\Desktop\Custom Habbo Retro\Polaris-Emulator\Emulator\src\test\java\com\eu\habbo\habbohotel\rooms\RoomRollerIterationContractTest.java
C:\Users\xAstroBoy\Desktop\Custom Habbo Retro\Polaris-Emulator\Emulator\src\test\java\com\eu\habbo\habbohotel\rooms\RoomSaveBehaviorTest.java
C:\Users\xAstroBoy\Desktop\Custom Habbo Retro\Polaris-Emulator\Emulator\src\test\java\com\eu\habbo\habbohotel\rooms\RoomSearchCharacterizationTest.java
C:\Users\xAstroBoy\Desktop\Custom Habbo Retro\Polaris-Emulator\Emulator\src\test\java\com\eu\habbo\habbohotel\rooms\RoomSearchServiceCacheTest.java
C:\Users\xAstroBoy\Desktop\Custom Habbo Retro\Polaris-Emulator\Emulator\src\test\java\com\eu\habbo\habbohotel\rooms\RoomSerializationBehaviorTest.java
C:\Users\xAstroBoy\Desktop\Custom Habbo Retro\Polaris-Emulator\Emulator\src\test\java\com\eu\habbo\habbohotel\rooms\RoomSpecialTypesRollerCompatibilityTest.java
C:\Users\xAstroBoy\Desktop\Custom Habbo Retro\Polaris-Emulator\Emulator\src\test\java\com\eu\habbo\habbohotel\rooms\RoomStateOwnershipTest.java
C:\Users\xAstroBoy\Desktop\Custom Habbo Retro\Polaris-Emulator\Emulator\src\test\java\com\eu\habbo\habbohotel\rooms\RoomTestBuilder.java
C:\Users\xAstroBoy\Desktop\Custom Habbo Retro\Polaris-Emulator\Emulator\src\test\java\com\eu\habbo\habbohotel\rooms\RoomTradeManagerContractTest.java
C:\Users\xAstroBoy\Desktop\Custom Habbo Retro\Polaris-Emulator\Emulator\src\test\java\com\eu\habbo\habbohotel\rooms\RoomTradeSafetyContractTest.java
C:\Users\xAstroBoy\Desktop\Custom Habbo Retro\Polaris-Emulator\Emulator\src\test\java\com\eu\habbo\habbohotel\rooms\RoomUnitIndexCompatibilityTest.java
C:\Users\xAstroBoy\Desktop\Custom Habbo Retro\Polaris-Emulator\Emulator\src\test\java\com\eu\habbo\habbohotel\rooms\RoomUserCountPersistenceTest.java
C:\Users\xAstroBoy\Desktop\Custom Habbo Retro\Polaris-Emulator\Emulator\src\test\java\com\eu\habbo\habbohotel\rooms\RoomUserVariablePersistenceCharacterizationTest.java
C:\Users\xAstroBoy\Desktop\Custom Habbo Retro\Polaris-Emulator\Emulator\src\test\java\com\eu\habbo\habbohotel\rooms\RoomUserVariableRepositoryTest.java
C:\Users\xAstroBoy\Desktop\Custom Habbo Retro\Polaris-Emulator\Emulator\src\test\java\com\eu\habbo\habbohotel\rooms\WiredGravityPlannerTest.java
C:\Users\xAstroBoy\Desktop\Custom Habbo Retro\Polaris-Emulator\Emulator\src\test\java\com\eu\habbo\habbohotel\rooms\WiredGravityServiceLifecycleTest.java
C:\Users\xAstroBoy\Desktop\Custom Habbo Retro\Polaris-Emulator\Emulator\src\test\java\com\eu\habbo\habbohotel\rooms\WiredOpacityServiceTest.java
C:\Users\xAstroBoy\Desktop\Custom Habbo Retro\Polaris-Emulator\Emulator\src\test\java\com\eu\habbo\habbohotel\soundboard\SoundboardCatalogPolicyTest.java
C:\Users\xAstroBoy\Desktop\Custom Habbo Retro\Polaris-Emulator\Emulator\src\test\java\com\eu\habbo\habbohotel\soundboard\SoundboardCatalogRepositoryTest.java
C:\Users\xAstroBoy\Desktop\Custom Habbo Retro\Polaris-Emulator\Emulator\src\test\java\com\eu\habbo\habbohotel\soundboard\SoundboardCooldownGateTest.java
C:\Users\xAstroBoy\Desktop\Custom Habbo Retro\Polaris-Emulator\Emulator\src\test\java\com\eu\habbo\habbohotel\soundboard\SoundboardManagerContractTest.java
C:\Users\xAstroBoy\Desktop\Custom Habbo Retro\Polaris-Emulator\Emulator\src\test\java\com\eu\habbo\habbohotel\soundboard\SoundboardSoundTest.java
C:\Users\xAstroBoy\Desktop\Custom Habbo Retro\Polaris-Emulator\Emulator\src\test\java\com\eu\habbo\habbohotel\traxeditor\TraxSongDataValidatorTest.java
C:\Users\xAstroBoy\Desktop\Custom Habbo Retro\Polaris-Emulator\Emulator\src\test\java\com\eu\habbo\habbohotel\users\AsyncDisconnectPersistenceContractTest.java
C:\Users\xAstroBoy\Desktop\Custom Habbo Retro\Polaris-Emulator\Emulator\src\test\java\com\eu\habbo\habbohotel\users\customization\UserCustomizationPurchaseServiceTest.java
C:\Users\xAstroBoy\Desktop\Custom Habbo Retro\Polaris-Emulator\Emulator\src\test\java\com\eu\habbo\habbohotel\users\customization\UserCustomizationRepositoryTest.java
C:\Users\xAstroBoy\Desktop\Custom Habbo Retro\Polaris-Emulator\Emulator\src\test\java\com\eu\habbo\habbohotel\users\DisconnectPersistenceGateTest.java
C:\Users\xAstroBoy\Desktop\Custom Habbo Retro\Polaris-Emulator\Emulator\src\test\java\com\eu\habbo\habbohotel\users\HabboInfoCreditCompatibilityTest.java
C:\Users\xAstroBoy\Desktop\Custom Habbo Retro\Polaris-Emulator\Emulator\src\test\java\com\eu\habbo\habbohotel\users\HabboInfoProfilePersistenceTest.java
C:\Users\xAstroBoy\Desktop\Custom Habbo Retro\Polaris-Emulator\Emulator\src\test\java\com\eu\habbo\habbohotel\users\infostand\InfostandBackgroundManagerTest.java
C:\Users\xAstroBoy\Desktop\Custom Habbo Retro\Polaris-Emulator\Emulator\src\test\java\com\eu\habbo\habbohotel\users\LedgerWalletMutationCoordinationTest.java
C:\Users\xAstroBoy\Desktop\Custom Habbo Retro\Polaris-Emulator\Emulator\src\test\java\com\eu\habbo\habbohotel\users\SsoTicketConsumptionContractTest.java
C:\Users\xAstroBoy\Desktop\Custom Habbo Retro\Polaris-Emulator\Emulator\src\test\java\com\eu\habbo\habbohotel\users\WalletBalanceMathTest.java
C:\Users\xAstroBoy\Desktop\Custom Habbo Retro\Polaris-Emulator\Emulator\src\test\java\com\eu\habbo\habbohotel\users\WalletMutationContractTest.java
C:\Users\xAstroBoy\Desktop\Custom Habbo Retro\Polaris-Emulator\Emulator\src\test\java\com\eu\habbo\habbohotel\wired\core\RoomWiredStackIndexConcurrencyTest.java
C:\Users\xAstroBoy\Desktop\Custom Habbo Retro\Polaris-Emulator\Emulator\src\test\java\com\eu\habbo\habbohotel\wired\core\WiredConditionEvaluatorTest.java
C:\Users\xAstroBoy\Desktop\Custom Habbo Retro\Polaris-Emulator\Emulator\src\test\java\com\eu\habbo\habbohotel\wired\core\WiredDelayedExecutionSnapshotTest.java
C:\Users\xAstroBoy\Desktop\Custom Habbo Retro\Polaris-Emulator\Emulator\src\test\java\com\eu\habbo\habbohotel\wired\core\WiredDelayedLifecycleCompatibilityTest.java
C:\Users\xAstroBoy\Desktop\Custom Habbo Retro\Polaris-Emulator\Emulator\src\test\java\com\eu\habbo\habbohotel\wired\core\WiredDelayedSchedulerTest.java
C:\Users\xAstroBoy\Desktop\Custom Habbo Retro\Polaris-Emulator\Emulator\src\test\java\com\eu\habbo\habbohotel\wired\core\WiredDispatchPerformanceProfileTest.java
C:\Users\xAstroBoy\Desktop\Custom Habbo Retro\Polaris-Emulator\Emulator\src\test\java\com\eu\habbo\habbohotel\wired\core\WiredDispatchTailLatencyProfileTest.java
C:\Users\xAstroBoy\Desktop\Custom Habbo Retro\Polaris-Emulator\Emulator\src\test\java\com\eu\habbo\habbohotel\wired\core\WiredEffectCooldownConcurrencyTest.java
C:\Users\xAstroBoy\Desktop\Custom Habbo Retro\Polaris-Emulator\Emulator\src\test\java\com\eu\habbo\habbohotel\wired\core\WiredEffectCooldownServiceTest.java
C:\Users\xAstroBoy\Desktop\Custom Habbo Retro\Polaris-Emulator\Emulator\src\test\java\com\eu\habbo\habbohotel\wired\core\WiredEffectPlannerTest.java
C:\Users\xAstroBoy\Desktop\Custom Habbo Retro\Polaris-Emulator\Emulator\src\test\java\com\eu\habbo\habbohotel\wired\core\WiredEventDispatcherPerformanceProfileTest.java
C:\Users\xAstroBoy\Desktop\Custom Habbo Retro\Polaris-Emulator\Emulator\src\test\java\com\eu\habbo\habbohotel\wired\core\WiredEventDispatcherTest.java
C:\Users\xAstroBoy\Desktop\Custom Habbo Retro\Polaris-Emulator\Emulator\src\test\java\com\eu\habbo\habbohotel\wired\core\WiredExecutionGuardPerformanceProfileTest.java
C:\Users\xAstroBoy\Desktop\Custom Habbo Retro\Polaris-Emulator\Emulator\src\test\java\com\eu\habbo\habbohotel\wired\core\WiredExecutionGuardTest.java
C:\Users\xAstroBoy\Desktop\Custom Habbo Retro\Polaris-Emulator\Emulator\src\test\java\com\eu\habbo\habbohotel\wired\core\WiredExecutionSemanticsCompatibilityTest.java
C:\Users\xAstroBoy\Desktop\Custom Habbo Retro\Polaris-Emulator\Emulator\src\test\java\com\eu\habbo\habbohotel\wired\core\WiredGravityInternalVariableTest.java
C:\Users\xAstroBoy\Desktop\Custom Habbo Retro\Polaris-Emulator\Emulator\src\test\java\com\eu\habbo\habbohotel\wired\core\WiredInternalVariableRegistryCompatibilityTest.java
C:\Users\xAstroBoy\Desktop\Custom Habbo Retro\Polaris-Emulator\Emulator\src\test\java\com\eu\habbo\habbohotel\wired\core\WiredManagerLifecycleCompatibilityTest.java
C:\Users\xAstroBoy\Desktop\Custom Habbo Retro\Polaris-Emulator\Emulator\src\test\java\com\eu\habbo\habbohotel\wired\core\WiredMoveStyleHelperTest.java
C:\Users\xAstroBoy\Desktop\Custom Habbo Retro\Polaris-Emulator\Emulator\src\test\java\com\eu\habbo\habbohotel\wired\core\WiredRandomSelectionJfrProfileTest.java
C:\Users\xAstroBoy\Desktop\Custom Habbo Retro\Polaris-Emulator\Emulator\src\test\java\com\eu\habbo\habbohotel\wired\core\WiredRandomSelectionTest.java
C:\Users\xAstroBoy\Desktop\Custom Habbo Retro\Polaris-Emulator\Emulator\src\test\java\com\eu\habbo\habbohotel\wired\core\WiredRewardMinuteLimitTest.java
C:\Users\xAstroBoy\Desktop\Custom Habbo Retro\Polaris-Emulator\Emulator\src\test\java\com\eu\habbo\habbohotel\wired\core\WiredRoomDiagnosticsTest.java
C:\Users\xAstroBoy\Desktop\Custom Habbo Retro\Polaris-Emulator\Emulator\src\test\java\com\eu\habbo\habbohotel\wired\core\WiredRuntimeTest.java
C:\Users\xAstroBoy\Desktop\Custom Habbo Retro\Polaris-Emulator\Emulator\src\test\java\com\eu\habbo\habbohotel\wired\core\WiredSourceTriggerFallbackTest.java
C:\Users\xAstroBoy\Desktop\Custom Habbo Retro\Polaris-Emulator\Emulator\src\test\java\com\eu\habbo\habbohotel\wired\core\WiredStackExecutorTest.java
C:\Users\xAstroBoy\Desktop\Custom Habbo Retro\Polaris-Emulator\Emulator\src\test\java\com\eu\habbo\habbohotel\wired\core\WiredStackRepositoryTest.java
C:\Users\xAstroBoy\Desktop\Custom Habbo Retro\Polaris-Emulator\Emulator\src\test\java\com\eu\habbo\habbohotel\wired\core\WiredStructuredDiagnosticsTest.java
C:\Users\xAstroBoy\Desktop\Custom Habbo Retro\Polaris-Emulator\Emulator\src\test\java\com\eu\habbo\habbohotel\wired\WiredGiveRewardItemTest.java
C:\Users\xAstroBoy\Desktop\Custom Habbo Retro\Polaris-Emulator\Emulator\src\test\java\com\eu\habbo\habbohotel\wired\WiredHandlerCompatibilityAdapterTest.java
C:\Users\xAstroBoy\Desktop\Custom Habbo Retro\Polaris-Emulator\Emulator\src\test\java\com\eu\habbo\habbohotel\wired\WiredHandlerLegacyUsageTelemetryTest.java
C:\Users\xAstroBoy\Desktop\Custom Habbo Retro\Polaris-Emulator\Emulator\src\test\java\com\eu\habbo\habbohotel\wired\WiredVariableChangeOriginTest.java
C:\Users\xAstroBoy\Desktop\Custom Habbo Retro\Polaris-Emulator\Emulator\src\test\java\com\eu\habbo\habbohotel\wired\WiredVariableClearPolicyTest.java
C:\Users\xAstroBoy\Desktop\Custom Habbo Retro\Polaris-Emulator\Emulator\src\test\java\com\eu\habbo\Java25BuildContractTest.java
C:\Users\xAstroBoy\Desktop\Custom Habbo Retro\Polaris-Emulator\Emulator\src\test\java\com\eu\habbo\LifecycleFieldVisibilityCompatibilityTest.java
C:\Users\xAstroBoy\Desktop\Custom Habbo Retro\Polaris-Emulator\Emulator\src\test\java\com\eu\habbo\messages\command\CommandRegistryTest.java
C:\Users\xAstroBoy\Desktop\Custom Habbo Retro\Polaris-Emulator\Emulator\src\test\java\com\eu\habbo\messages\contracts\CatalogStudioRegistryContractTest.java
C:\Users\xAstroBoy\Desktop\Custom Habbo Retro\Polaris-Emulator\Emulator\src\test\java\com\eu\habbo\messages\contracts\JavaPacketRegistry.java
C:\Users\xAstroBoy\Desktop\Custom Habbo Retro\Polaris-Emulator\Emulator\src\test\java\com\eu\habbo\messages\contracts\JavaPacketRegistryTest.java
C:\Users\xAstroBoy\Desktop\Custom Habbo Retro\Polaris-Emulator\Emulator\src\test\java\com\eu\habbo\messages\contracts\JavaPacketSignatureExtractor.java
C:\Users\xAstroBoy\Desktop\Custom Habbo Retro\Polaris-Emulator\Emulator\src\test\java\com\eu\habbo\messages\contracts\JavaPacketSignatureExtractorTest.java
C:\Users\xAstroBoy\Desktop\Custom Habbo Retro\Polaris-Emulator\Emulator\src\test\java\com\eu\habbo\messages\contracts\PacketContractCatalogGenerator.java
C:\Users\xAstroBoy\Desktop\Custom Habbo Retro\Polaris-Emulator\Emulator\src\test\java\com\eu\habbo\messages\contracts\PacketContractCatalogGeneratorTest.java
C:\Users\xAstroBoy\Desktop\Custom Habbo Retro\Polaris-Emulator\Emulator\src\test\java\com\eu\habbo\messages\contracts\PacketContractCatalogTest.java
C:\Users\xAstroBoy\Desktop\Custom Habbo Retro\Polaris-Emulator\Emulator\src\test\java\com\eu\habbo\messages\contracts\PacketContractCoverageTest.java
C:\Users\xAstroBoy\Desktop\Custom Habbo Retro\Polaris-Emulator\Emulator\src\test\java\com\eu\habbo\messages\contracts\PacketContractManifest.java
C:\Users\xAstroBoy\Desktop\Custom Habbo Retro\Polaris-Emulator\Emulator\src\test\java\com\eu\habbo\messages\contracts\PacketContractManifestLoader.java
C:\Users\xAstroBoy\Desktop\Custom Habbo Retro\Polaris-Emulator\Emulator\src\test\java\com\eu\habbo\messages\contracts\PacketContractManifestLoaderTest.java
C:\Users\xAstroBoy\Desktop\Custom Habbo Retro\Polaris-Emulator\Emulator\src\test\java\com\eu\habbo\messages\contracts\PacketContractVerifier.java
C:\Users\xAstroBoy\Desktop\Custom Habbo Retro\Polaris-Emulator\Emulator\src\test\java\com\eu\habbo\messages\contracts\PacketRegistryPolicyContractTest.java
C:\Users\xAstroBoy\Desktop\Custom Habbo Retro\Polaris-Emulator\Emulator\src\test\java\com\eu\habbo\messages\contracts\WireSchema.java
C:\Users\xAstroBoy\Desktop\Custom Habbo Retro\Polaris-Emulator\Emulator\src\test\java\com\eu\habbo\messages\incoming\camera\CameraPhotoSizePurchaseContractTest.java
C:\Users\xAstroBoy\Desktop\Custom Habbo Retro\Polaris-Emulator\Emulator\src\test\java\com\eu\habbo\messages\incoming\catalog\catalogadmin\CatalogAdminOfferDraftDataTest.java
C:\Users\xAstroBoy\Desktop\Custom Habbo Retro\Polaris-Emulator\Emulator\src\test\java\com\eu\habbo\messages\incoming\catalog\catalogadmin\CatalogAdminOfferMutationContractTest.java
C:\Users\xAstroBoy\Desktop\Custom Habbo Retro\Polaris-Emulator\Emulator\src\test\java\com\eu\habbo\messages\incoming\catalog\catalogadmin\CatalogAdminOfferPayloadTest.java
C:\Users\xAstroBoy\Desktop\Custom Habbo Retro\Polaris-Emulator\Emulator\src\test\java\com\eu\habbo\messages\incoming\catalog\catalogadmin\CatalogAdminPageChecksTest.java
C:\Users\xAstroBoy\Desktop\Custom Habbo Retro\Polaris-Emulator\Emulator\src\test\java\com\eu\habbo\messages\incoming\catalog\catalogadmin\CatalogAdminSmartSaveFailureTest.java
C:\Users\xAstroBoy\Desktop\Custom Habbo Retro\Polaris-Emulator\Emulator\src\test\java\com\eu\habbo\messages\incoming\catalog\catalogadmin\studio\CatalogStudioRequestParserTest.java
C:\Users\xAstroBoy\Desktop\Custom Habbo Retro\Polaris-Emulator\Emulator\src\test\java\com\eu\habbo\messages\incoming\catalog\CatalogBuyItemEventTest.java
C:\Users\xAstroBoy\Desktop\Custom Habbo Retro\Polaris-Emulator\Emulator\src\test\java\com\eu\habbo\messages\incoming\catalog\CatalogPageAccessPolicyTest.java
C:\Users\xAstroBoy\Desktop\Custom Habbo Retro\Polaris-Emulator\Emulator\src\test\java\com\eu\habbo\messages\incoming\catalog\CatalogPurchaseCommandTest.java
C:\Users\xAstroBoy\Desktop\Custom Habbo Retro\Polaris-Emulator\Emulator\src\test\java\com\eu\habbo\messages\incoming\catalog\CatalogPurchasePageResolverTest.java
C:\Users\xAstroBoy\Desktop\Custom Habbo Retro\Polaris-Emulator\Emulator\src\test\java\com\eu\habbo\messages\incoming\catalog\CatalogSearchOfferIdContractTest.java
C:\Users\xAstroBoy\Desktop\Custom Habbo Retro\Polaris-Emulator\Emulator\src\test\java\com\eu\habbo\messages\incoming\catalog\marketplace\MarketplaceInputContractTest.java
C:\Users\xAstroBoy\Desktop\Custom Habbo Retro\Polaris-Emulator\Emulator\src\test\java\com\eu\habbo\messages\incoming\catalog\marketplace\MarketplaceInputGuardTest.java
C:\Users\xAstroBoy\Desktop\Custom Habbo Retro\Polaris-Emulator\Emulator\src\test\java\com\eu\habbo\messages\incoming\catalog\TargetOfferPurchaseGuardTest.java
C:\Users\xAstroBoy\Desktop\Custom Habbo Retro\Polaris-Emulator\Emulator\src\test\java\com\eu\habbo\messages\incoming\crafting\CraftingCraftSecretContractTest.java
C:\Users\xAstroBoy\Desktop\Custom Habbo Retro\Polaris-Emulator\Emulator\src\test\java\com\eu\habbo\messages\incoming\friends\FriendBatchGuardContractTest.java
C:\Users\xAstroBoy\Desktop\Custom Habbo Retro\Polaris-Emulator\Emulator\src\test\java\com\eu\habbo\messages\incoming\friends\FriendCategoryPacketContractTest.java
C:\Users\xAstroBoy\Desktop\Custom Habbo Retro\Polaris-Emulator\Emulator\src\test\java\com\eu\habbo\messages\incoming\friends\MessengerIdInputGuardContractTest.java
C:\Users\xAstroBoy\Desktop\Custom Habbo Retro\Polaris-Emulator\Emulator\src\test\java\com\eu\habbo\messages\incoming\furnieditor\FurniDataManagerTest.java
C:\Users\xAstroBoy\Desktop\Custom Habbo Retro\Polaris-Emulator\Emulator\src\test\java\com\eu\habbo\messages\incoming\furnieditor\FurniEditorUpdatePayloadTest.java
C:\Users\xAstroBoy\Desktop\Custom Habbo Retro\Polaris-Emulator\Emulator\src\test\java\com\eu\habbo\messages\incoming\guilds\forums\GuildForumInputGuardContractTest.java
C:\Users\xAstroBoy\Desktop\Custom Habbo Retro\Polaris-Emulator\Emulator\src\test\java\com\eu\habbo\messages\incoming\guilds\forums\GuildForumInputGuardTest.java
C:\Users\xAstroBoy\Desktop\Custom Habbo Retro\Polaris-Emulator\Emulator\src\test\java\com\eu\habbo\messages\incoming\guilds\GuildChangeBadgeEventTest.java
C:\Users\xAstroBoy\Desktop\Custom Habbo Retro\Polaris-Emulator\Emulator\src\test\java\com\eu\habbo\messages\incoming\guilds\GuildIdInputGuardContractTest.java
C:\Users\xAstroBoy\Desktop\Custom Habbo Retro\Polaris-Emulator\Emulator\src\test\java\com\eu\habbo\messages\incoming\guilds\GuildManagementInputGuardContractTest.java
C:\Users\xAstroBoy\Desktop\Custom Habbo Retro\Polaris-Emulator\Emulator\src\test\java\com\eu\habbo\messages\incoming\guilds\GuildMemberRemovalPermissionContractTest.java
C:\Users\xAstroBoy\Desktop\Custom Habbo Retro\Polaris-Emulator\Emulator\src\test\java\com\eu\habbo\messages\incoming\guilds\GuildMembersInputGuardContractTest.java
C:\Users\xAstroBoy\Desktop\Custom Habbo Retro\Polaris-Emulator\Emulator\src\test\java\com\eu\habbo\messages\incoming\handshake\ClientReleaseContractTest.java
C:\Users\xAstroBoy\Desktop\Custom Habbo Retro\Polaris-Emulator\Emulator\src\test\java\com\eu\habbo\messages\incoming\handshake\LoginCompletionContractTest.java
C:\Users\xAstroBoy\Desktop\Custom Habbo Retro\Polaris-Emulator\Emulator\src\test\java\com\eu\habbo\messages\incoming\handshake\SecureLoginGuardContractTest.java
C:\Users\xAstroBoy\Desktop\Custom Habbo Retro\Polaris-Emulator\Emulator\src\test\java\com\eu\habbo\messages\incoming\handshake\SecureLoginInputGuardTest.java
C:\Users\xAstroBoy\Desktop\Custom Habbo Retro\Polaris-Emulator\Emulator\src\test\java\com\eu\habbo\messages\incoming\handshake\SessionResumeSecurityContractTest.java
C:\Users\xAstroBoy\Desktop\Custom Habbo Retro\Polaris-Emulator\Emulator\src\test\java\com\eu\habbo\messages\incoming\housekeeping\HousekeepingAuditCoverageContractTest.java
C:\Users\xAstroBoy\Desktop\Custom Habbo Retro\Polaris-Emulator\Emulator\src\test\java\com\eu\habbo\messages\incoming\housekeeping\HousekeepingGrantMutationContractTest.java
C:\Users\xAstroBoy\Desktop\Custom Habbo Retro\Polaris-Emulator\Emulator\src\test\java\com\eu\habbo\messages\incoming\housekeeping\HousekeepingInputGuardContractTest.java
C:\Users\xAstroBoy\Desktop\Custom Habbo Retro\Polaris-Emulator\Emulator\src\test\java\com\eu\habbo\messages\incoming\housekeeping\HousekeepingInputGuardTest.java
C:\Users\xAstroBoy\Desktop\Custom Habbo Retro\Polaris-Emulator\Emulator\src\test\java\com\eu\habbo\messages\incoming\housekeeping\HousekeepingMutationGuardTest.java
C:\Users\xAstroBoy\Desktop\Custom Habbo Retro\Polaris-Emulator\Emulator\src\test\java\com\eu\habbo\messages\incoming\housekeeping\HousekeepingRankPolicyTest.java
C:\Users\xAstroBoy\Desktop\Custom Habbo Retro\Polaris-Emulator\Emulator\src\test\java\com\eu\habbo\messages\incoming\housekeeping\HousekeepingRoomGuardContractTest.java
C:\Users\xAstroBoy\Desktop\Custom Habbo Retro\Polaris-Emulator\Emulator\src\test\java\com\eu\habbo\messages\incoming\housekeeping\HousekeepingSanctionDurationContractTest.java
C:\Users\xAstroBoy\Desktop\Custom Habbo Retro\Polaris-Emulator\Emulator\src\test\java\com\eu\habbo\messages\incoming\housekeeping\HousekeepingSanctionDurationTest.java
C:\Users\xAstroBoy\Desktop\Custom Habbo Retro\Polaris-Emulator\Emulator\src\test\java\com\eu\habbo\messages\incoming\housekeeping\HousekeepingTargetRankGuardContractTest.java
C:\Users\xAstroBoy\Desktop\Custom Habbo Retro\Polaris-Emulator\Emulator\src\test\java\com\eu\habbo\messages\incoming\inventory\InventoryRequestRateLimitContractTest.java
C:\Users\xAstroBoy\Desktop\Custom Habbo Retro\Polaris-Emulator\Emulator\src\test\java\com\eu\habbo\messages\incoming\inventory\nickicons\PurchaseNickIconEventTest.java
C:\Users\xAstroBoy\Desktop\Custom Habbo Retro\Polaris-Emulator\Emulator\src\test\java\com\eu\habbo\messages\incoming\inventory\prefixes\PurchasePrefixEventTest.java
C:\Users\xAstroBoy\Desktop\Custom Habbo Retro\Polaris-Emulator\Emulator\src\test\java\com\eu\habbo\messages\incoming\inventory\RequestInventoryItemsDeleteContractTest.java
C:\Users\xAstroBoy\Desktop\Custom Habbo Retro\Polaris-Emulator\Emulator\src\test\java\com\eu\habbo\messages\incoming\modtool\ModToolInputGuardTest.java
C:\Users\xAstroBoy\Desktop\Custom Habbo Retro\Polaris-Emulator\Emulator\src\test\java\com\eu\habbo\messages\incoming\modtool\ModToolPermissionContractTest.java
C:\Users\xAstroBoy\Desktop\Custom Habbo Retro\Polaris-Emulator\Emulator\src\test\java\com\eu\habbo\messages\incoming\modtool\ModToolReportInputContractTest.java
C:\Users\xAstroBoy\Desktop\Custom Habbo Retro\Polaris-Emulator\Emulator\src\test\java\com\eu\habbo\messages\incoming\modtool\ModToolReportInputGuardTest.java
C:\Users\xAstroBoy\Desktop\Custom Habbo Retro\Polaris-Emulator\Emulator\src\test\java\com\eu\habbo\messages\incoming\modtool\ModToolTicketGuardTest.java
C:\Users\xAstroBoy\Desktop\Custom Habbo Retro\Polaris-Emulator\Emulator\src\test\java\com\eu\habbo\messages\incoming\modtool\ModToolTicketLifecycleContractTest.java
C:\Users\xAstroBoy\Desktop\Custom Habbo Retro\Polaris-Emulator\Emulator\src\test\java\com\eu\habbo\messages\incoming\navigator\NavigatorInputGuardTest.java
C:\Users\xAstroBoy\Desktop\Custom Habbo Retro\Polaris-Emulator\Emulator\src\test\java\com\eu\habbo\messages\incoming\navigator\NavigatorSearchInputContractTest.java
C:\Users\xAstroBoy\Desktop\Custom Habbo Retro\Polaris-Emulator\Emulator\src\test\java\com\eu\habbo\messages\incoming\PacketInputHardeningContractTest.java
C:\Users\xAstroBoy\Desktop\Custom Habbo Retro\Polaris-Emulator\Emulator\src\test\java\com\eu\habbo\messages\incoming\polls\PollAnswerInputGuardContractTest.java
C:\Users\xAstroBoy\Desktop\Custom Habbo Retro\Polaris-Emulator\Emulator\src\test\java\com\eu\habbo\messages\incoming\polls\PollRoomScopeContractTest.java
C:\Users\xAstroBoy\Desktop\Custom Habbo Retro\Polaris-Emulator\Emulator\src\test\java\com\eu\habbo\messages\incoming\rooms\items\AtomicRedeemItemContractTest.java
C:\Users\xAstroBoy\Desktop\Custom Habbo Retro\Polaris-Emulator\Emulator\src\test\java\com\eu\habbo\messages\incoming\rooms\items\ClickFurniIdGuardContractTest.java
C:\Users\xAstroBoy\Desktop\Custom Habbo Retro\Polaris-Emulator\Emulator\src\test\java\com\eu\habbo\messages\incoming\rooms\items\MonsterPlantSeedOwnershipContractTest.java
C:\Users\xAstroBoy\Desktop\Custom Habbo Retro\Polaris-Emulator\Emulator\src\test\java\com\eu\habbo\messages\incoming\rooms\items\RedeemClothingContractTest.java
C:\Users\xAstroBoy\Desktop\Custom Habbo Retro\Polaris-Emulator\Emulator\src\test\java\com\eu\habbo\messages\incoming\rooms\items\RedeemItemCurrencyContractTest.java
C:\Users\xAstroBoy\Desktop\Custom Habbo Retro\Polaris-Emulator\Emulator\src\test\java\com\eu\habbo\messages\incoming\rooms\items\RoomItemInputGuardContractTest.java
C:\Users\xAstroBoy\Desktop\Custom Habbo Retro\Polaris-Emulator\Emulator\src\test\java\com\eu\habbo\messages\incoming\rooms\items\RoomPickupChooserContractTest.java
C:\Users\xAstroBoy\Desktop\Custom Habbo Retro\Polaris-Emulator\Emulator\src\test\java\com\eu\habbo\messages\incoming\rooms\items\RoomPickupTransferContractTest.java
C:\Users\xAstroBoy\Desktop\Custom Habbo Retro\Polaris-Emulator\Emulator\src\test\java\com\eu\habbo\messages\incoming\rooms\items\SavePostItStickyPoleContractTest.java
C:\Users\xAstroBoy\Desktop\Custom Habbo Retro\Polaris-Emulator\Emulator\src\test\java\com\eu\habbo\messages\incoming\rooms\pets\PetPackageNameContractTest.java
C:\Users\xAstroBoy\Desktop\Custom Habbo Retro\Polaris-Emulator\Emulator\src\test\java\com\eu\habbo\messages\incoming\rooms\pets\PetUseItemOwnershipContractTest.java
C:\Users\xAstroBoy\Desktop\Custom Habbo Retro\Polaris-Emulator\Emulator\src\test\java\com\eu\habbo\messages\incoming\rooms\RoomSettingsInputGuardContractTest.java
C:\Users\xAstroBoy\Desktop\Custom Habbo Retro\Polaris-Emulator\Emulator\src\test\java\com\eu\habbo\messages\incoming\rooms\RoomSettingsInputGuardTest.java
C:\Users\xAstroBoy\Desktop\Custom Habbo Retro\Polaris-Emulator\Emulator\src\test\java\com\eu\habbo\messages\incoming\rooms\users\RoomModerationScopeContractTest.java
C:\Users\xAstroBoy\Desktop\Custom Habbo Retro\Polaris-Emulator\Emulator\src\test\java\com\eu\habbo\messages\incoming\rooms\users\RoomUserInputGuardContractTest.java
C:\Users\xAstroBoy\Desktop\Custom Habbo Retro\Polaris-Emulator\Emulator\src\test\java\com\eu\habbo\messages\incoming\rooms\users\RoomUserMuteGuardContractTest.java
C:\Users\xAstroBoy\Desktop\Custom Habbo Retro\Polaris-Emulator\Emulator\src\test\java\com\eu\habbo\messages\incoming\rooms\users\RoomUserRemoveRightsContractTest.java
C:\Users\xAstroBoy\Desktop\Custom Habbo Retro\Polaris-Emulator\Emulator\src\test\java\com\eu\habbo\messages\incoming\rooms\users\RoomUserSignGuardContractTest.java
C:\Users\xAstroBoy\Desktop\Custom Habbo Retro\Polaris-Emulator\Emulator\src\test\java\com\eu\habbo\messages\incoming\snowwar\SnowStormSaveEditorEventTest.java
C:\Users\xAstroBoy\Desktop\Custom Habbo Retro\Polaris-Emulator\Emulator\src\test\java\com\eu\habbo\messages\incoming\soundboard\SoundboardAuthorizationContractTest.java
C:\Users\xAstroBoy\Desktop\Custom Habbo Retro\Polaris-Emulator\Emulator\src\test\java\com\eu\habbo\messages\incoming\soundboard\SoundboardSaveVolumeEventTest.java
C:\Users\xAstroBoy\Desktop\Custom Habbo Retro\Polaris-Emulator\Emulator\src\test\java\com\eu\habbo\messages\incoming\trading\TradeItemIdGuardTest.java
C:\Users\xAstroBoy\Desktop\Custom Habbo Retro\Polaris-Emulator\Emulator\src\test\java\com\eu\habbo\messages\incoming\trading\TradeOfferGuardContractTest.java
C:\Users\xAstroBoy\Desktop\Custom Habbo Retro\Polaris-Emulator\Emulator\src\test\java\com\eu\habbo\messages\incoming\users\UserInputGuardContractTest.java
C:\Users\xAstroBoy\Desktop\Custom Habbo Retro\Polaris-Emulator\Emulator\src\test\java\com\eu\habbo\messages\incoming\wired\WiredConditionLegacySaveAbiTest.java
C:\Users\xAstroBoy\Desktop\Custom Habbo Retro\Polaris-Emulator\Emulator\src\test\java\com\eu\habbo\messages\incoming\wired\WiredConditionSaveAdapterTest.java
C:\Users\xAstroBoy\Desktop\Custom Habbo Retro\Polaris-Emulator\Emulator\src\test\java\com\eu\habbo\messages\incoming\wired\WiredFeatureCapabilitiesEventTest.java
C:\Users\xAstroBoy\Desktop\Custom Habbo Retro\Polaris-Emulator\Emulator\src\test\java\com\eu\habbo\messages\incoming\wired\WiredFurniRuntimeStatePolicyTest.java
C:\Users\xAstroBoy\Desktop\Custom Habbo Retro\Polaris-Emulator\Emulator\src\test\java\com\eu\habbo\messages\incoming\wired\WiredFurniRuntimeStateRequestEventTest.java
C:\Users\xAstroBoy\Desktop\Custom Habbo Retro\Polaris-Emulator\Emulator\src\test\java\com\eu\habbo\messages\incoming\wired\WiredUserInspectMovePolicyTest.java
C:\Users\xAstroBoy\Desktop\Custom Habbo Retro\Polaris-Emulator\Emulator\src\test\java\com\eu\habbo\messages\MessengerPacketContractTest.java
C:\Users\xAstroBoy\Desktop\Custom Habbo Retro\Polaris-Emulator\Emulator\src\test\java\com\eu\habbo\messages\outgoing\catalog\catalogadmin\CatalogAdminOfferDetailsComposerTest.java
C:\Users\xAstroBoy\Desktop\Custom Habbo Retro\Polaris-Emulator\Emulator\src\test\java\com\eu\habbo\messages\outgoing\catalog\catalogadmin\CatalogAdminPageDetailsComposerTest.java
C:\Users\xAstroBoy\Desktop\Custom Habbo Retro\Polaris-Emulator\Emulator\src\test\java\com\eu\habbo\messages\outgoing\catalog\catalogadmin\CatalogStudioPacketContractTest.java
C:\Users\xAstroBoy\Desktop\Custom Habbo Retro\Polaris-Emulator\Emulator\src\test\java\com\eu\habbo\messages\outgoing\catalog\CatalogPagesListComposerTest.java
C:\Users\xAstroBoy\Desktop\Custom Habbo Retro\Polaris-Emulator\Emulator\src\test\java\com\eu\habbo\messages\outgoing\catalog\CatalogPagesListOfferIndexTest.java
C:\Users\xAstroBoy\Desktop\Custom Habbo Retro\Polaris-Emulator\Emulator\src\test\java\com\eu\habbo\messages\outgoing\catalog\CatalogProductMetadataComposerTest.java
C:\Users\xAstroBoy\Desktop\Custom Habbo Retro\Polaris-Emulator\Emulator\src\test\java\com\eu\habbo\messages\outgoing\catalog\marketplace\MarketplaceSellItemComposerTest.java
C:\Users\xAstroBoy\Desktop\Custom Habbo Retro\Polaris-Emulator\Emulator\src\test\java\com\eu\habbo\messages\outgoing\commands\AvailableCommandsComposerTest.java
C:\Users\xAstroBoy\Desktop\Custom Habbo Retro\Polaris-Emulator\Emulator\src\test\java\com\eu\habbo\messages\outgoing\friends\FriendFindingRoomComposerTest.java
C:\Users\xAstroBoy\Desktop\Custom Habbo Retro\Polaris-Emulator\Emulator\src\test\java\com\eu\habbo\messages\outgoing\friends\FriendNotificationComposerTest.java
C:\Users\xAstroBoy\Desktop\Custom Habbo Retro\Polaris-Emulator\Emulator\src\test\java\com\eu\habbo\messages\outgoing\generic\alerts\GenericErrorCodeContractTest.java
C:\Users\xAstroBoy\Desktop\Custom Habbo Retro\Polaris-Emulator\Emulator\src\test\java\com\eu\habbo\messages\outgoing\handshake\SecureLoginOKComposerTest.java
C:\Users\xAstroBoy\Desktop\Custom Habbo Retro\Polaris-Emulator\Emulator\src\test\java\com\eu\habbo\messages\outgoing\modtool\ModToolChatlogTimestampTest.java
C:\Users\xAstroBoy\Desktop\Custom Habbo Retro\Polaris-Emulator\Emulator\src\test\java\com\eu\habbo\messages\outgoing\modtool\ModToolTimestampFormattingTest.java
C:\Users\xAstroBoy\Desktop\Custom Habbo Retro\Polaris-Emulator\Emulator\src\test\java\com\eu\habbo\messages\outgoing\wired\WiredPacketGoldenCompatibilityTest.java
C:\Users\xAstroBoy\Desktop\Custom Habbo Retro\Polaris-Emulator\Emulator\src\test\java\com\eu\habbo\messages\PacketManagerGroupedRateLimitTest.java
C:\Users\xAstroBoy\Desktop\Custom Habbo Retro\Polaris-Emulator\Emulator\src\test\java\com\eu\habbo\messages\PacketManagerHandlerInstanceTest.java
C:\Users\xAstroBoy\Desktop\Custom Habbo Retro\Polaris-Emulator\Emulator\src\test\java\com\eu\habbo\messages\PacketNamesContractTest.java
C:\Users\xAstroBoy\Desktop\Custom Habbo Retro\Polaris-Emulator\Emulator\src\test\java\com\eu\habbo\messages\PacketRuntimeValidatorTest.java
C:\Users\xAstroBoy\Desktop\Custom Habbo Retro\Polaris-Emulator\Emulator\src\test\java\com\eu\habbo\messages\rcon\AlertPayloadGuardTest.java
C:\Users\xAstroBoy\Desktop\Custom Habbo Retro\Polaris-Emulator\Emulator\src\test\java\com\eu\habbo\messages\rcon\ChangeRoomOwnerContractTest.java
C:\Users\xAstroBoy\Desktop\Custom Habbo Retro\Polaris-Emulator\Emulator\src\test\java\com\eu\habbo\messages\rcon\ExecuteCommandGuardTest.java
C:\Users\xAstroBoy\Desktop\Custom Habbo Retro\Polaris-Emulator\Emulator\src\test\java\com\eu\habbo\messages\rcon\GiveBadgeContractTest.java
C:\Users\xAstroBoy\Desktop\Custom Habbo Retro\Polaris-Emulator\Emulator\src\test\java\com\eu\habbo\messages\rcon\GiveCreditsContractTest.java
C:\Users\xAstroBoy\Desktop\Custom Habbo Retro\Polaris-Emulator\Emulator\src\test\java\com\eu\habbo\messages\rcon\GivePixelsContractTest.java
C:\Users\xAstroBoy\Desktop\Custom Habbo Retro\Polaris-Emulator\Emulator\src\test\java\com\eu\habbo\messages\rcon\GivePointsContractTest.java
C:\Users\xAstroBoy\Desktop\Custom Habbo Retro\Polaris-Emulator\Emulator\src\test\java\com\eu\habbo\messages\rcon\GiveRespectContractTest.java
C:\Users\xAstroBoy\Desktop\Custom Habbo Retro\Polaris-Emulator\Emulator\src\test\java\com\eu\habbo\messages\rcon\GiveUserClothingContractTest.java
C:\Users\xAstroBoy\Desktop\Custom Habbo Retro\Polaris-Emulator\Emulator\src\test\java\com\eu\habbo\messages\rcon\ModifyUserSubscriptionGuardTest.java
C:\Users\xAstroBoy\Desktop\Custom Habbo Retro\Polaris-Emulator\Emulator\src\test\java\com\eu\habbo\messages\rcon\MuteUserGuardTest.java
C:\Users\xAstroBoy\Desktop\Custom Habbo Retro\Polaris-Emulator\Emulator\src\test\java\com\eu\habbo\messages\rcon\ProgressAchievementGuardTest.java
C:\Users\xAstroBoy\Desktop\Custom Habbo Retro\Polaris-Emulator\Emulator\src\test\java\com\eu\habbo\messages\rcon\RconGrantGuardTest.java
C:\Users\xAstroBoy\Desktop\Custom Habbo Retro\Polaris-Emulator\Emulator\src\test\java\com\eu\habbo\messages\rcon\RconIdBoundaryContractTest.java
C:\Users\xAstroBoy\Desktop\Custom Habbo Retro\Polaris-Emulator\Emulator\src\test\java\com\eu\habbo\messages\rcon\RconPayloadValidatorTest.java
C:\Users\xAstroBoy\Desktop\Custom Habbo Retro\Polaris-Emulator\Emulator\src\test\java\com\eu\habbo\messages\rcon\SendGiftContractTest.java
C:\Users\xAstroBoy\Desktop\Custom Habbo Retro\Polaris-Emulator\Emulator\src\test\java\com\eu\habbo\messages\rcon\SetHomeRoomContractTest.java
C:\Users\xAstroBoy\Desktop\Custom Habbo Retro\Polaris-Emulator\Emulator\src\test\java\com\eu\habbo\messages\rcon\SetMottoContractTest.java
C:\Users\xAstroBoy\Desktop\Custom Habbo Retro\Polaris-Emulator\Emulator\src\test\java\com\eu\habbo\messages\rcon\SetRankRequestGuardTest.java
C:\Users\xAstroBoy\Desktop\Custom Habbo Retro\Polaris-Emulator\Emulator\src\test\java\com\eu\habbo\messages\rcon\SocialRoomCommandGuardTest.java
C:\Users\xAstroBoy\Desktop\Custom Habbo Retro\Polaris-Emulator\Emulator\src\test\java\com\eu\habbo\messages\rcon\UpdateUserGuardTest.java
C:\Users\xAstroBoy\Desktop\Custom Habbo Retro\Polaris-Emulator\Emulator\src\test\java\com\eu\habbo\messages\ServerMessageFrameCompatibilityTest.java
C:\Users\xAstroBoy\Desktop\Custom Habbo Retro\Polaris-Emulator\Emulator\src\test\java\com\eu\habbo\messages\ServerMessageShortTest.java
C:\Users\xAstroBoy\Desktop\Custom Habbo Retro\Polaris-Emulator\Emulator\src\test\java\com\eu\habbo\messages\SharedBroadcastFrameTest.java
C:\Users\xAstroBoy\Desktop\Custom Habbo Retro\Polaris-Emulator\Emulator\src\test\java\com\eu\habbo\messages\SoundboardPacketContractTest.java
C:\Users\xAstroBoy\Desktop\Custom Habbo Retro\Polaris-Emulator\Emulator\src\test\java\com\eu\habbo\monitoring\EmulatorHealthAssessmentTest.java
C:\Users\xAstroBoy\Desktop\Custom Habbo Retro\Polaris-Emulator\Emulator\src\test\java\com\eu\habbo\monitoring\EmulatorHealthWiringContractTest.java
C:\Users\xAstroBoy\Desktop\Custom Habbo Retro\Polaris-Emulator\Emulator\src\test\java\com\eu\habbo\monitoring\EmulatorStatsResilienceMetricsTest.java
C:\Users\xAstroBoy\Desktop\Custom Habbo Retro\Polaris-Emulator\Emulator\src\test\java\com\eu\habbo\monitoring\NetworkDispatchMetricsContractTest.java
C:\Users\xAstroBoy\Desktop\Custom Habbo Retro\Polaris-Emulator\Emulator\src\test\java\com\eu\habbo\monitoring\PacketDispatchLatencyMetricsTest.java
C:\Users\xAstroBoy\Desktop\Custom Habbo Retro\Polaris-Emulator\Emulator\src\test\java\com\eu\habbo\monitoring\PersistenceMetricsContractTest.java
C:\Users\xAstroBoy\Desktop\Custom Habbo Retro\Polaris-Emulator\Emulator\src\test\java\com\eu\habbo\monitoring\PersistenceOperationMetricsContractTest.java
C:\Users\xAstroBoy\Desktop\Custom Habbo Retro\Polaris-Emulator\Emulator\src\test\java\com\eu\habbo\networking\gameserver\auth\AccessTokenRevocationContractTest.java
C:\Users\xAstroBoy\Desktop\Custom Habbo Retro\Polaris-Emulator\Emulator\src\test\java\com\eu\habbo\networking\gameserver\auth\AuthExecutorGeometryTest.java
C:\Users\xAstroBoy\Desktop\Custom Habbo Retro\Polaris-Emulator\Emulator\src\test\java\com\eu\habbo\networking\gameserver\auth\AuthTokenGuardContractTest.java
C:\Users\xAstroBoy\Desktop\Custom Habbo Retro\Polaris-Emulator\Emulator\src\test\java\com\eu\habbo\networking\gameserver\auth\CidrRangeTest.java
C:\Users\xAstroBoy\Desktop\Custom Habbo Retro\Polaris-Emulator\Emulator\src\test\java\com\eu\habbo\networking\gameserver\auth\NitroSecureApiHandlerContractTest.java
C:\Users\xAstroBoy\Desktop\Custom Habbo Retro\Polaris-Emulator\Emulator\src\test\java\com\eu\habbo\networking\gameserver\auth\NitroSecureAssetHandlerContractTest.java
C:\Users\xAstroBoy\Desktop\Custom Habbo Retro\Polaris-Emulator\Emulator\src\test\java\com\eu\habbo\networking\gameserver\auth\PasswordHasherTest.java
C:\Users\xAstroBoy\Desktop\Custom Habbo Retro\Polaris-Emulator\Emulator\src\test\java\com\eu\habbo\networking\gameserver\auth\ResetMailExecutorTest.java
C:\Users\xAstroBoy\Desktop\Custom Habbo Retro\Polaris-Emulator\Emulator\src\test\java\com\eu\habbo\networking\gameserver\auth\SsoIssuerExpiryContractTest.java
C:\Users\xAstroBoy\Desktop\Custom Habbo Retro\Polaris-Emulator\Emulator\src\test\java\com\eu\habbo\networking\gameserver\auth\TurnstileVerifierResponseTest.java
C:\Users\xAstroBoy\Desktop\Custom Habbo Retro\Polaris-Emulator\Emulator\src\test\java\com\eu\habbo\networking\gameserver\badges\BadgeCorsContractTest.java
C:\Users\xAstroBoy\Desktop\Custom Habbo Retro\Polaris-Emulator\Emulator\src\test\java\com\eu\habbo\networking\gameserver\BroadcastJfrProfileTest.java
C:\Users\xAstroBoy\Desktop\Custom Habbo Retro\Polaris-Emulator\Emulator\src\test\java\com\eu\habbo\networking\gameserver\cms\CmsApiAuthenticatorTest.java
C:\Users\xAstroBoy\Desktop\Custom Habbo Retro\Polaris-Emulator\Emulator\src\test\java\com\eu\habbo\networking\gameserver\cms\CmsApiContractTest.java
C:\Users\xAstroBoy\Desktop\Custom Habbo Retro\Polaris-Emulator\Emulator\src\test\java\com\eu\habbo\networking\gameserver\cms\CmsApiHandlerTest.java
C:\Users\xAstroBoy\Desktop\Custom Habbo Retro\Polaris-Emulator\Emulator\src\test\java\com\eu\habbo\networking\gameserver\cms\CmsApiKeyStoreTest.java
C:\Users\xAstroBoy\Desktop\Custom Habbo Retro\Polaris-Emulator\Emulator\src\test\java\com\eu\habbo\networking\gameserver\cms\CmsApiSettingsContractTest.java
C:\Users\xAstroBoy\Desktop\Custom Habbo Retro\Polaris-Emulator\Emulator\src\test\java\com\eu\habbo\networking\gameserver\cms\CmsApiSettingsTest.java
C:\Users\xAstroBoy\Desktop\Custom Habbo Retro\Polaris-Emulator\Emulator\src\test\java\com\eu\habbo\networking\gameserver\cms\CmsApiWiringContractTest.java
C:\Users\xAstroBoy\Desktop\Custom Habbo Retro\Polaris-Emulator\Emulator\src\test\java\com\eu\habbo\networking\gameserver\cms\CmsCommandScopesTest.java
C:\Users\xAstroBoy\Desktop\Custom Habbo Retro\Polaris-Emulator\Emulator\src\test\java\com\eu\habbo\networking\gameserver\codec\WebSocketCodecTest.java
C:\Users\xAstroBoy\Desktop\Custom Habbo Retro\Polaris-Emulator\Emulator\src\test\java\com\eu\habbo\networking\gameserver\crypto\WsCryptoExecutorTest.java
C:\Users\xAstroBoy\Desktop\Custom Habbo Retro\Polaris-Emulator\Emulator\src\test\java\com\eu\habbo\networking\gameserver\crypto\WsHandshakeHandlerCompatibilityTest.java
C:\Users\xAstroBoy\Desktop\Custom Habbo Retro\Polaris-Emulator\Emulator\src\test\java\com\eu\habbo\networking\gameserver\crypto\WsHandshakeOffloadTest.java
C:\Users\xAstroBoy\Desktop\Custom Habbo Retro\Polaris-Emulator\Emulator\src\test\java\com\eu\habbo\networking\gameserver\decoders\PacketDispatchLatencyHandlerTest.java
C:\Users\xAstroBoy\Desktop\Custom Habbo Retro\Polaris-Emulator\Emulator\src\test\java\com\eu\habbo\networking\gameserver\e2e\E2eInventoryFixtureContractTest.java
C:\Users\xAstroBoy\Desktop\Custom Habbo Retro\Polaris-Emulator\Emulator\src\test\java\com\eu\habbo\networking\gameserver\e2e\E2eMessengerFixtureContractTest.java
C:\Users\xAstroBoy\Desktop\Custom Habbo Retro\Polaris-Emulator\Emulator\src\test\java\com\eu\habbo\networking\gameserver\e2e\E2eSessionProbeTest.java
C:\Users\xAstroBoy\Desktop\Custom Habbo Retro\Polaris-Emulator\Emulator\src\test\java\com\eu\habbo\networking\gameserver\ExecutionAdmissionHandlerTest.java
C:\Users\xAstroBoy\Desktop\Custom Habbo Retro\Polaris-Emulator\Emulator\src\test\java\com\eu\habbo\networking\gameserver\ExecutionAdmissionNetworkIT.java
C:\Users\xAstroBoy\Desktop\Custom Habbo Retro\Polaris-Emulator\Emulator\src\test\java\com\eu\habbo\networking\gameserver\ExecutionBackpressureSettingsTest.java
C:\Users\xAstroBoy\Desktop\Custom Habbo Retro\Polaris-Emulator\Emulator\src\test\java\com\eu\habbo\networking\gameserver\ExecutionCapacityControllerTest.java
C:\Users\xAstroBoy\Desktop\Custom Habbo Retro\Polaris-Emulator\Emulator\src\test\java\com\eu\habbo\networking\gameserver\GamePacketExecutionContractTest.java
C:\Users\xAstroBoy\Desktop\Custom Habbo Retro\Polaris-Emulator\Emulator\src\test\java\com\eu\habbo\networking\gameserver\handlers\SustainedUnwritableHandlerTest.java
C:\Users\xAstroBoy\Desktop\Custom Habbo Retro\Polaris-Emulator\Emulator\src\test\java\com\eu\habbo\networking\gameserver\WebSocketHttpOffloadTest.java
C:\Users\xAstroBoy\Desktop\Custom Habbo Retro\Polaris-Emulator\Emulator\src\test\java\com\eu\habbo\networking\rconserver\RconProtocolManifestTest.java
C:\Users\xAstroBoy\Desktop\Custom Habbo Retro\Polaris-Emulator\Emulator\src\test\java\com\eu\habbo\networking\rconserver\RconResponseContractTest.java
C:\Users\xAstroBoy\Desktop\Custom Habbo Retro\Polaris-Emulator\Emulator\src\test\java\com\eu\habbo\networking\rconserver\RCONServerHandlerContractTest.java
C:\Users\xAstroBoy\Desktop\Custom Habbo Retro\Polaris-Emulator\Emulator\src\test\java\com\eu\habbo\networking\rconserver\RCONServerHandlerWriteTest.java
C:\Users\xAstroBoy\Desktop\Custom Habbo Retro\Polaris-Emulator\Emulator\src\test\java\com\eu\habbo\networking\ServerBindCompletionTest.java
C:\Users\xAstroBoy\Desktop\Custom Habbo Retro\Polaris-Emulator\Emulator\src\test\java\com\eu\habbo\networking\ServerBindFailureProbe.java
C:\Users\xAstroBoy\Desktop\Custom Habbo Retro\Polaris-Emulator\Emulator\src\test\java\com\eu\habbo\networking\ServerBindLifecycleTest.java
C:\Users\xAstroBoy\Desktop\Custom Habbo Retro\Polaris-Emulator\Emulator\src\test\java\com\eu\habbo\networking\ServerOutboundBackpressureTest.java
C:\Users\xAstroBoy\Desktop\Custom Habbo Retro\Polaris-Emulator\Emulator\src\test\java\com\eu\habbo\networking\ServerTransportOptionsTest.java
C:\Users\xAstroBoy\Desktop\Custom Habbo Retro\Polaris-Emulator\Emulator\src\test\java\com\eu\habbo\packaging\LegacyPluginFixtureCompiler.java
C:\Users\xAstroBoy\Desktop\Custom Habbo Retro\Polaris-Emulator\Emulator\src\test\java\com\eu\habbo\packaging\PackagedJarContractIT.java
C:\Users\xAstroBoy\Desktop\Custom Habbo Retro\Polaris-Emulator\Emulator\src\test\java\com\eu\habbo\packaging\probe\PackagedJarProbe.java
C:\Users\xAstroBoy\Desktop\Custom Habbo Retro\Polaris-Emulator\Emulator\src\test\java\com\eu\habbo\plugin\ConfigurationBindingBehaviorTest.java
C:\Users\xAstroBoy\Desktop\Custom Habbo Retro\Polaris-Emulator\Emulator\src\test\java\com\eu\habbo\plugin\ConfigurationPublicationContractTest.java
C:\Users\xAstroBoy\Desktop\Custom Habbo Retro\Polaris-Emulator\Emulator\src\test\java\com\eu\habbo\plugin\PluginAbiCompatibilityTest.java
C:\Users\xAstroBoy\Desktop\Custom Habbo Retro\Polaris-Emulator\Emulator\src\test\java\com\eu\habbo\plugin\PluginEventBehaviorTest.java
C:\Users\xAstroBoy\Desktop\Custom Habbo Retro\Polaris-Emulator\Emulator\src\test\java\com\eu\habbo\plugin\PluginEventCorrectedBehaviorTest.java
C:\Users\xAstroBoy\Desktop\Custom Habbo Retro\Polaris-Emulator\Emulator\src\test\java\com\eu\habbo\plugin\PluginManagerPaydayDateTest.java
C:\Users\xAstroBoy\Desktop\Custom Habbo Retro\Polaris-Emulator\Emulator\src\test\java\com\eu\habbo\plugin\PluginMutableIdGuardContractTest.java
C:\Users\xAstroBoy\Desktop\Custom Habbo Retro\Polaris-Emulator\Emulator\src\test\java\com\eu\habbo\plugin\PluginRuntimeValidatorTest.java
C:\Users\xAstroBoy\Desktop\Custom Habbo Retro\Polaris-Emulator\Emulator\src\test\java\com\eu\habbo\plugin\WiredPublicSurfaceCompatibilityTest.java
C:\Users\xAstroBoy\Desktop\Custom Habbo Retro\Polaris-Emulator\Emulator\src\test\java\com\eu\habbo\PolarisBootstrapRuntimeThreadsTest.java
C:\Users\xAstroBoy\Desktop\Custom Habbo Retro\Polaris-Emulator\Emulator\src\test\java\com\eu\habbo\PolarisRuntimeTest.java
C:\Users\xAstroBoy\Desktop\Custom Habbo Retro\Polaris-Emulator\Emulator\src\test\java\com\eu\habbo\ReleasePipelineContractTest.java
C:\Users\xAstroBoy\Desktop\Custom Habbo Retro\Polaris-Emulator\Emulator\src\test\java\com\eu\habbo\resilience\DependencyCircuitBreakersTest.java
C:\Users\xAstroBoy\Desktop\Custom Habbo Retro\Polaris-Emulator\Emulator\src\test\java\com\eu\habbo\resilience\ExternalDependencyResilienceContractTest.java
C:\Users\xAstroBoy\Desktop\Custom Habbo Retro\Polaris-Emulator\Emulator\src\test\java\com\eu\habbo\resilience\RuntimePressureAssessorTest.java
C:\Users\xAstroBoy\Desktop\Custom Habbo Retro\Polaris-Emulator\Emulator\src\test\java\com\eu\habbo\resilience\RuntimePressureSamplerTest.java
C:\Users\xAstroBoy\Desktop\Custom Habbo Retro\Polaris-Emulator\Emulator\src\test\java\com\eu\habbo\resilience\RuntimeResilienceControllerTest.java
C:\Users\xAstroBoy\Desktop\Custom Habbo Retro\Polaris-Emulator\Emulator\src\test\java\com\eu\habbo\resilience\RuntimeResilienceRuntimeTest.java
C:\Users\xAstroBoy\Desktop\Custom Habbo Retro\Polaris-Emulator\Emulator\src\test\java\com\eu\habbo\resilience\RuntimeResilienceServiceTest.java
C:\Users\xAstroBoy\Desktop\Custom Habbo Retro\Polaris-Emulator\Emulator\src\test\java\com\eu\habbo\resilience\RuntimeResilienceSettingsTest.java
C:\Users\xAstroBoy\Desktop\Custom Habbo Retro\Polaris-Emulator\Emulator\src\test\java\com\eu\habbo\resilience\RuntimeResilienceWiringContractTest.java
C:\Users\xAstroBoy\Desktop\Custom Habbo Retro\Polaris-Emulator\Emulator\src\test\java\com\eu\habbo\RuntimeLifecycleTest.java
C:\Users\xAstroBoy\Desktop\Custom Habbo Retro\Polaris-Emulator\Emulator\src\test\java\com\eu\habbo\session\SessionRecoveryServiceTest.java
C:\Users\xAstroBoy\Desktop\Custom Habbo Retro\Polaris-Emulator\Emulator\src\test\java\com\eu\habbo\session\SessionRecoveryWiringContractTest.java
C:\Users\xAstroBoy\Desktop\Custom Habbo Retro\Polaris-Emulator\Emulator\src\test\java\com\eu\habbo\ShutdownPhaseControllerTest.java
C:\Users\xAstroBoy\Desktop\Custom Habbo Retro\Polaris-Emulator\Emulator\src\test\java\com\eu\habbo\SmokeTest.java
C:\Users\xAstroBoy\Desktop\Custom Habbo Retro\Polaris-Emulator\Emulator\src\test\java\com\eu\habbo\StartupPhasesTest.java
C:\Users\xAstroBoy\Desktop\Custom Habbo Retro\Polaris-Emulator\Emulator\src\test\java\com\eu\habbo\stress\LoadValidationProfileTest.java
C:\Users\xAstroBoy\Desktop\Custom Habbo Retro\Polaris-Emulator\Emulator\src\test\java\com\eu\habbo\stress\StressScenarioTest.java
C:\Users\xAstroBoy\Desktop\Custom Habbo Retro\Polaris-Emulator\Emulator\src\test\java\com\eu\habbo\stress\StressTransientLifecycleContractTest.java
C:\Users\xAstroBoy\Desktop\Custom Habbo Retro\Polaris-Emulator\Emulator\src\test\java\com\eu\habbo\threading\HabboExecutorServicePeriodicTaskTest.java
C:\Users\xAstroBoy\Desktop\Custom Habbo Retro\Polaris-Emulator\Emulator\src\test\java\com\eu\habbo\threading\HabboExecutorServiceRejectionTest.java
C:\Users\xAstroBoy\Desktop\Custom Habbo Retro\Polaris-Emulator\Emulator\src\test\java\com\eu\habbo\threading\ThreadPoolingGracefulShutdownTest.java
C:\Users\xAstroBoy\Desktop\Custom Habbo Retro\Polaris-Emulator\Emulator\src\test\java\com\eu\habbo\threading\ThreadPoolingPersistenceRoutingTest.java
C:\Users\xAstroBoy\Desktop\Custom Habbo Retro\Polaris-Emulator\Emulator\src\test\java\com\eu\habbo\tools\furni\FurniConsistencyCliTest.java
C:\Users\xAstroBoy\Desktop\Custom Habbo Retro\Polaris-Emulator\Emulator\src\test\java\com\eu\habbo\tools\furni\FurniConsistencyReportArtifactTest.java
C:\Users\xAstroBoy\Desktop\Custom Habbo Retro\Polaris-Emulator\Emulator\src\test\java\com\eu\habbo\tools\furni\FurniConsistencyValidatorTest.java
C:\Users\xAstroBoy\Desktop\Custom Habbo Retro\Polaris-Emulator\Emulator\src\test\java\com\eu\habbo\tools\furni\FurniImportPipelineContractTest.java
C:\Users\xAstroBoy\Desktop\Custom Habbo Retro\Polaris-Emulator\Emulator\src\test\java\com\eu\habbo\tools\furni\ItemsBaseSqlDumpReaderTest.java
C:\Users\xAstroBoy\Desktop\Custom Habbo Retro\Polaris-Emulator\Emulator\src\test\java\com\eu\habbo\util\figure\FigureUtilTest.java
C:\Users\xAstroBoy\Desktop\Custom Habbo Retro\Polaris-Emulator\Emulator\src\test\java\com\eu\habbo\util\HexUtilsTest.java
C:\Users\xAstroBoy\Desktop\Custom Habbo Retro\Polaris-Emulator\Emulator\src\test\java\com\eu\habbo\util\HotelDateTimeUtilTest.java
C:\Users\xAstroBoy\Desktop\Custom Habbo Retro\Polaris-Emulator\Emulator\src\test\java\com\eu\habbo\util\logback\ConsoleStyleTest.java
C:\Users\xAstroBoy\Desktop\Custom Habbo Retro\Polaris-Emulator\Emulator\src\test\java\com\eu\habbo\util\PacketGuardTest.java
C:\Users\xAstroBoy\Desktop\Custom Habbo Retro\Polaris-Emulator\Emulator\src\test\java\com\eu\habbo\util\pathfinding\RotationTest.java
C:\Users\xAstroBoy\Desktop\Custom Habbo Retro\Polaris-Emulator\Emulator\src\test\java\com\eu\habbo\util\SqlLikeEscaperTest.java
C:\Users\xAstroBoy\Desktop\Custom Habbo Retro\Polaris-Emulator\Emulator\src\test\java\com\eu\habbo\WiredCompatibilityDiagnosticsTest.java
